Microchip MPLAB XC8 Compiler V2.32

Linker command line:

-W-3 --edf=C:\Program Files\Microchip\xc8\v2.32\pic\dat\en_msgs.txt -cn \
  -h+dist/default/production\bai_2.X.production.sym \
  --cmf=dist/default/production\bai_2.X.production.cmf -z -Q16F887 \
  -oC:\Users\ssc002\AppData\Local\Temp\xcAs6v4.4 --defsym=__MPLAB_BUILD=1 \
  -Mdist/default/production/bai_2.X.production.map -E1 -ver=XC8 Compiler \
  --acfsm=1493 -ASTACK=0110h-016Fh -pstack=STACK -ACODE=00h-07FFhx4 \
  -ASTRCODE=00h-01FFFh -ASTRING=00h-0FFhx32 -ACONST=00h-0FFhx32 \
  -AENTRY=00h-0FFhx32 -ACOMMON=070h-07Fh -ABANK0=020h-06Fh \
  -ABANK1=0A0h-0EFh -ABANK2=0110h-016Fh -ABANK3=0190h-01EFh \
  -ARAM=020h-06Fh,0A0h-0EFh,0110h-016Fh,0190h-01EFh \
  -AABS1=020h-07Fh,0A0h-0EFh,0110h-016Fh,0190h-01EFh -ASFR0=00h-01Fh \
  -ASFR1=080h-09Fh -ASFR2=0100h-010Fh -ASFR3=0180h-018Fh \
  -ACONFIG=02007h-02008h -DCONFIG=2 -AIDLOC=02000h-02003h -DIDLOC=2 \
  -AEEDATA=00h-0FFh/02100h -peeprom_data=EEDATA -DEEDATA=2 -DCODE=2 \
  -DSTRCODE=2 -DSTRING=2 -DCONST=2 -DENTRY=2 \
  -preset_vec=00h,intentry,init,end_init -ppowerup=CODE -pcinit=CODE \
  -pfunctab=ENTRY -k C:\Users\ssc002\AppData\Local\Temp\xcAs6v4.o \
  dist/default/production\bai_2.X.production.o 

Object code version is 3.11

Machine type is 16F887



                Name                               Link     Load   Length Selector   Space Scale
C:\Users\ssc002\AppData\Local\Temp\xcAs6v4.o
                end_init                              0        0        3        0       0
                config                             2007     2007        2        0       4
dist/default/production\bai_2.X.production.o
                cinit                               7FC      7FC        4      FF8       0
                config                             2007     2007        2        0       4
                text9                               52A      52A       30      A54       0
                text8                               593      593       44      B26       0
                text7                               55A      55A       39      AB4       0
                text6                               5D7      5D7       47      BAE       0
                text5                               759      759       A3      EB2       0
                text4                               4E7      4E7       1D      9CE       0
                text3                               504      504       26      A08       0
                text2                               61E      61E       5C      C3C       0
                text1                               6E0      6E0       79      DC0       0
                maintext                            67A      67A       66      CF4       0
                cstackBANK0                          20       20        C       20       1
                cstackCOMMON                         70       70        E       70       1
                strings                               3        3       AF        6       0

TOTAL           Name                               Link     Load   Length     Space
        CLASS   STACK          

        CLASS   CODE           
                end_init                              0        0        3         0
                cinit                               7FC      7FC        4         0
                text9                               52A      52A       30         0
                text8                               593      593       44         0
                text7                               55A      55A       39         0
                text6                               5D7      5D7       47         0
                text5                               759      759       A3         0
                text4                               4E7      4E7       1D         0
                text3                               504      504       26         0
                text2                               61E      61E       5C         0
                text1                               6E0      6E0       79         0
                maintext                            67A      67A       66         0

        CLASS   STRCODE        

        CLASS   STRING         
                strings                               3        3       AF         0

        CLASS   CONST          

        CLASS   ENTRY          

        CLASS   COMMON         
                cstackCOMMON                         70       70        E         1

        CLASS   BANK0          
                cstackBANK0                          20       20        C         1

        CLASS   BANK1          

        CLASS   BANK2          

        CLASS   BANK3          

        CLASS   RAM            

        CLASS   ABS1           
                abs_s1                               7E       7E        2         1

        CLASS   SFR0           

        CLASS   SFR1           

        CLASS   SFR2           

        CLASS   SFR3           

        CLASS   CONFIG         
                config                             2007     2007        2         4

        CLASS   IDLOC          

        CLASS   EEDATA         



SEGMENTS        Name                           Load    Length   Top    Selector   Space  Class     Delta

                reset_vec                      000000  000003  000003         0       0  CODE        2
                strings                        000003  0000AF  0000B2         6       0  STRING      2
                cstackBANK0                    000020  00000C  00002C        20       1  BANK0       1
                cstackCOMMON                   000070  00000E  00007E        70       1  COMMON      1
                text4                          0004E7  00001D  000504       9CE       0  CODE        2
                text3                          000504  000026  00052A       A08       0  CODE        2
                text9                          00052A  000030  00055A       A54       0  CODE        2
                text7                          00055A  000039  000593       AB4       0  CODE        2
                text8                          000593  000044  0005D7       B26       0  CODE        2
                text6                          0005D7  000047  00061E       BAE       0  CODE        2
                text2                          00061E  00005C  00067A       C3C       0  CODE        2
                maintext                       00067A  000066  0006E0       CF4       0  CODE        2
                text1                          0006E0  000079  000759       DC0       0  CODE        2
                text5                          000759  0000A3  0007FC       EB2       0  CODE        2
                cinit                          0007FC  000004  000800       FF8       0  CODE        2


UNUSED ADDRESS RANGES

        Name                Unused          Largest block    Delta
        BANK0            002C-006F             44           1
        BANK1            00A0-00EF             50           1
        BANK2            0110-016F             60           1
        BANK3            0190-01EF             60           1
        CODE             00B2-04E6            435           2
                         0800-1FFF            800
        CONST            00B2-04E6            100           2
                         0800-1FFF            100
        EEDATA           2100-21FF            100           2
        ENTRY            00B2-04E6            100           2
                         0800-1FFF            100
        IDLOC            2000-2003              4           2
        RAM              002C-006F             44           1
                         00A0-00EF             50
                         0110-016F             60
                         0190-01EF             60
        SFR0             0000-001F             20           1
        SFR1             0080-009F             20           1
        SFR2             0100-010F             10           1
        SFR3             0180-018F             10           1
        STACK            0110-016F             60           1
        STRCODE          00B2-04E6            435           2
                         0800-1FFF           1800
        STRING           00B2-04E6            100           2
                         0800-1FFF            100

                                  Symbol Table

?_getLengthArr                      cstackCOMMON 0070
_RD1                                (abs)        0041
_RD2                                (abs)        0042
_RD3                                (abs)        0043
_RD4                                (abs)        0044
_RD5                                (abs)        0045
_RD6                                (abs)        0046
_RD7                                (abs)        0047
_TRISD1                             (abs)        0441
_TRISD2                             (abs)        0442
_TRISD3                             (abs)        0443
_TRISD4                             (abs)        0444
_TRISD5                             (abs)        0445
_TRISD6                             (abs)        0446
_TRISD7                             (abs)        0447
__Habs1                             abs1         0000
__Hbank0                            bank0        0000
__Hbank1                            bank1        0000
__Hbank2                            bank2        0000
__Hbank3                            bank3        0000
__Hcinit                            cinit        0800
__Hclrtext                          clrtext      0000
__Hcode                             code         0000
__Hcommon                           common       0000
__Hconfig                           config       2009
__HcstackBANK0                      cstackBANK0  0000
__HcstackCOMMON                     cstackCOMMON 0000
__Heeprom_data                      eeprom_data  0000
__Hend_init                         end_init     0003
__Hfunctab                          functab      0000
__Hinit                             init         0000
__Hintentry                         intentry     0000
__Hmaintext                         maintext     0000
__Hpowerup                          powerup      0000
__Hram                              ram          0000
__Hreset_vec                        reset_vec    0000
__Hsfr0                             sfr0         0000
__Hsfr1                             sfr1         0000
__Hsfr2                             sfr2         0000
__Hsfr3                             sfr3         0000
__Hspace_0                          (abs)        0800
__Hspace_1                          (abs)        007E
__Hspace_2                          (abs)        0000
__Hspace_3                          (abs)        0000
__Hspace_4                          (abs)        4010
__Hstack                            stack        0000
__Hstrings                          strings      0000
__Htext                             text         0000
__Labs1                             abs1         0000
__Lbank0                            bank0        0000
__Lbank1                            bank1        0000
__Lbank2                            bank2        0000
__Lbank3                            bank3        0000
__Lcinit                            cinit        07FC
__Lclrtext                          clrtext      0000
__Lcode                             code         0000
__Lcommon                           common       0000
__Lconfig                           config       0000
__LcstackBANK0                      cstackBANK0  0000
__LcstackCOMMON                     cstackCOMMON 0000
__Leeprom_data                      eeprom_data  0000
__Lend_init                         end_init     0000
__Lfunctab                          functab      0000
__Linit                             init         0000
__Lintentry                         intentry     0000
__Lmaintext                         maintext     0000
__Lpowerup                          powerup      0000
__Lram                              ram          0000
__Lreset_vec                        reset_vec    0000
__Lsfr0                             sfr0         0000
__Lsfr1                             sfr1         0000
__Lsfr2                             sfr2         0000
__Lsfr3                             sfr3         0000
__Lspace_0                          (abs)        0000
__Lspace_1                          (abs)        0000
__Lspace_2                          (abs)        0000
__Lspace_3                          (abs)        0000
__Lspace_4                          (abs)        0000
__Lstack                            stack        0000
__Lstrings                          strings      0000
__Ltext                             text         0000
__S0                                (abs)        0800
__S1                                (abs)        007E
__S2                                (abs)        0000
__S3                                (abs)        0000
___int_sp                           stack        0000
___latbits                          (abs)        0002
___sp                               stack        0000
___stackhi                          (abs)        0000
___stacklo                          (abs)        0000
__end_of__initialization            cinit        07FC
__end_of__stringtab                 strings      0009
__end_of_addCharSpecial             text6        061E
__end_of_getLengthArr               text4        0504
__end_of_lcd_busy                   text9        055A
__end_of_lcd_gotoxy                 text3        052A
__end_of_lcd_init                   text5        07FC
__end_of_lcd_put_byte               text7        0593
__end_of_lcd_put_nibble             text8        05D7
__end_of_lcd_putc                   text2        067A
__end_of_main                       maintext     06E0
__end_of_showContent                text1        0759
__end_ofmain@HKTT                   strings      00B2
__end_ofmain@MSSV                   strings      008B
__end_ofmain@class                  strings      00A6
__end_ofmain@special_HKTT_class     strings      005B
__end_ofmain@special_name_born_live strings      003A
__end_ofmain@your_born              strings      006C
__end_ofmain@your_live              strings      009A
__end_ofmain@your_name              strings      007C
__initialization                    cinit        07FC
__pcstackBANK0                      cstackBANK0  0020
__pcstackCOMMON                     cstackCOMMON 0070
__pmaintext                         maintext     067A
__pstrings                          strings      0003
__ptext1                            text1        06E0
__ptext2                            text2        061E
__ptext3                            text3        0504
__ptext4                            text4        04E7
__ptext5                            text5        0759
__ptext6                            text6        05D7
__ptext7                            text7        055A
__ptext8                            text8        0593
__ptext9                            text9        052A
__size_of_addCharSpecial            (abs)        0000
__size_of_getLengthArr              (abs)        0000
__size_of_lcd_busy                  (abs)        0000
__size_of_lcd_gotoxy                (abs)        0000
__size_of_lcd_init                  (abs)        0000
__size_of_lcd_put_byte              (abs)        0000
__size_of_lcd_put_nibble            (abs)        0000
__size_of_lcd_putc                  (abs)        0000
__size_of_main                      (abs)        0000
__size_of_showContent               (abs)        0000
__stringbase                        strings      0008
__stringtab                         strings      0003
_addCharSpecial                     text6        05D7
_getLengthArr                       text4        04E7
_lcd_busy                           text9        052A
_lcd_gotoxy                         text3        0504
_lcd_init                           text5        0759
_lcd_put_byte                       text7        055A
_lcd_put_nibble                     text8        0593
_lcd_putc                           text2        061E
_main                               maintext     067A
_showContent                        text1        06E0
addCharSpecial@character            cstackCOMMON 0079
addCharSpecial@i                    cstackCOMMON 0077
btemp                               (abs)        007E
end_of_initialization               cinit        07FC
getLengthArr@character              cstackCOMMON 0072
getLengthArr@i                      cstackCOMMON 0073
intlevel0                           functab      0000
intlevel1                           functab      0000
intlevel2                           functab      0000
intlevel3                           functab      0000
intlevel4                           functab      0000
intlevel5                           functab      0000
lcd_busy@busy                       cstackCOMMON 0071
lcd_gotoxy@address                  cstackCOMMON 0079
lcd_gotoxy@col                      cstackCOMMON 0078
lcd_gotoxy@row                      cstackCOMMON 0076
lcd_put_byte@b                      cstackCOMMON 0073
lcd_put_byte@rs                     cstackCOMMON 0075
lcd_put_nibble@b                    cstackCOMMON 0071
lcd_put_nibble@temp                 cstackCOMMON 0072
lcd_putc@c                          cstackCOMMON 007C
main@HKTT                           strings      00A6
main@MSSV                           strings      007C
main@class                          strings      009A
main@length                         cstackBANK0  002A
main@special_HKTT_class             strings      003A
main@special_name_born_live         strings      0009
main@your_born                      strings      005B
main@your_live                      strings      008B
main@your_name                      strings      006C
reset_vec                           reset_vec    0000
showContent@character_firt          cstackBANK0  0024
showContent@character_second        cstackCOMMON 007D
showContent@i                       cstackBANK0  0025
showContent@length_1                cstackBANK0  0020
showContent@length_2                cstackBANK0  0022
start                               init         0000
start_initialization                cinit        07FC
wtemp0                              (abs)        007E


MODULE INFORMATION

Module		Function		Class		Link	Load	Size
newmain.c
		_getLengthArr  		CODE           	04E7	0000	29
		_addCharSpecial		CODE           	05D7	0000	71
		_main          		CODE           	067A	0000	102
		_showContent   		CODE           	06E0	0000	121

newmain.c estimated size: 323

shared
		__stringtab    		STRING         	0003	0000	6
		main@special_name_born_live		STRING         	0009	0000	49
		main@your_name 		STRING         	006C	0000	16
		main@your_live 		STRING         	008B	0000	15
		main@your_born 		STRING         	005B	0000	17
		__initialization		CODE           	07FC	0000	1
		main@MSSV      		STRING         	007C	0000	15
		main@class     		STRING         	009A	0000	12
		main@HKTT      		STRING         	00A6	0000	12
		main@special_HKTT_class		STRING         	003A	0000	33

shared estimated size: 176

lcd.c
		_lcd_busy      		CODE           	052A	0000	48
		_lcd_putc      		CODE           	061E	0000	92
		_lcd_put_byte  		CODE           	055A	0000	57
		_lcd_put_nibble		CODE           	0593	0000	68
		_lcd_gotoxy    		CODE           	0504	0000	38
		_lcd_init      		CODE           	0759	0000	163

lcd.c estimated size: 466

