Microchip MPLAB XC8 Compiler V2.32

Linker command line:

-W-3 --edf=C:\Program Files\Microchip\xc8\v2.32\pic\dat\en_msgs.txt -cn \
  -h+dist/default/production\Counter0_bai1.X.production.sym \
  --cmf=dist/default/production\Counter0_bai1.X.production.cmf -z -Q16F887 \
  -oC:\Users\ssc002\AppData\Local\Temp\xcAsd18.4 --defsym=__MPLAB_BUILD=1 \
  -Mdist/default/production/Counter0_bai1.X.production.map -E1 \
  -ver=XC8 Compiler --acfsm=1493 -ASTACK=0110h-016Fh -pstack=STACK \
  -ACODE=00h-07FFhx4 -ASTRCODE=00h-01FFFh -ASTRING=00h-0FFhx32 \
  -ACONST=00h-0FFhx32 -AENTRY=00h-0FFhx32 -ACOMMON=070h-07Fh \
  -ABANK0=020h-06Fh -ABANK1=0A0h-0EFh -ABANK2=0110h-016Fh \
  -ABANK3=0190h-01EFh -ARAM=020h-06Fh,0A0h-0EFh,0110h-016Fh,0190h-01EFh \
  -AABS1=020h-07Fh,0A0h-0EFh,0110h-016Fh,0190h-01EFh -ASFR0=00h-01Fh \
  -ASFR1=080h-09Fh -ASFR2=0100h-010Fh -ASFR3=0180h-018Fh \
  -ACONFIG=02007h-02008h -DCONFIG=2 -AIDLOC=02000h-02003h -DIDLOC=2 \
  -AEEDATA=00h-0FFh/02100h -peeprom_data=EEDATA -DEEDATA=2 -DCODE=2 \
  -DSTRCODE=2 -DSTRING=2 -DCONST=2 -DENTRY=2 \
  -preset_vec=00h,intentry,init,end_init -ppowerup=CODE -pcinit=CODE \
  -pfunctab=ENTRY -k C:\Users\ssc002\AppData\Local\Temp\xcAsd18.o \
  dist/default/production\Counter0_bai1.X.production.o 

Object code version is 3.11

Machine type is 16F887



                Name                               Link     Load   Length Selector   Space Scale
C:\Users\ssc002\AppData\Local\Temp\xcAsd18.o
                end_init                              0        0        3        0       0
                config                             2007     2007        2        0       4
dist/default/production\Counter0_bai1.X.production.o
                cinit                               7FC      7FC        4      FF8       0
                config                             2007     2007        2        0       4
                text12                              456      456       12      8AC       0
                text11                              4B1      4B1       30      962       0
                text10                              554      554       44      AA8       0
                text9                               4E1      4E1       39      9C2       0
                text8                               67E      67E       A3      CFC       0
                text7                               48B      48B       26      916       0
                text6                               622      622       5C      C44       0
                text5                               468      468       23      8D0       0
                text4                               598      598       44      B30       0
                text3                               51A      51A       3A      A34       0
                text2                               44E      44E        8      89C       0
                text1                               721      721       DB      E42       0
                maintext                            5DC      5DC       46      BB8       0
                cstackBANK0                          20       20        E       20       1
                cstackCOMMON                         70       70        E       70       1
                strings                               3        3       26        6       0

TOTAL           Name                               Link     Load   Length     Space
        CLASS   STACK          

        CLASS   CODE           
                end_init                              0        0        3         0
                cinit                               7FC      7FC        4         0
                text12                              456      456       12         0
                text11                              4B1      4B1       30         0
                text10                              554      554       44         0
                text9                               4E1      4E1       39         0
                text8                               67E      67E       A3         0
                text7                               48B      48B       26         0
                text6                               622      622       5C         0
                text5                               468      468       23         0
                text4                               598      598       44         0
                text3                               51A      51A       3A         0
                text2                               44E      44E        8         0
                text1                               721      721       DB         0
                maintext                            5DC      5DC       46         0

        CLASS   STRCODE        

        CLASS   STRING         
                strings                               3        3       26         0

        CLASS   CONST          

        CLASS   ENTRY          

        CLASS   COMMON         
                cstackCOMMON                         70       70        E         1

        CLASS   BANK0          
                cstackBANK0                          20       20        E         1

        CLASS   BANK1          

        CLASS   BANK2          

        CLASS   BANK3          

        CLASS   RAM            

        CLASS   ABS1           
                abs_s1                               7E       7E        2         1

        CLASS   SFR0           

        CLASS   SFR1           

        CLASS   SFR2           

        CLASS   SFR3           

        CLASS   CONFIG         
                config                             2007     2007        2         4

        CLASS   IDLOC          

        CLASS   EEDATA         



SEGMENTS        Name                           Load    Length   Top    Selector   Space  Class     Delta

                reset_vec                      000000  000003  000003         0       0  CODE        2
                strings                        000003  000026  000029         6       0  STRING      2
                cstackBANK0                    000020  00000E  00002E        20       1  BANK0       1
                cstackCOMMON                   000070  00000E  00007E        70       1  COMMON      1
                text2                          00044E  000008  000456       89C       0  CODE        2
                text12                         000456  000012  000468       8AC       0  CODE        2
                text5                          000468  000023  00048B       8D0       0  CODE        2
                text7                          00048B  000026  0004B1       916       0  CODE        2
                text11                         0004B1  000030  0004E1       962       0  CODE        2
                text9                          0004E1  000039  00051A       9C2       0  CODE        2
                text3                          00051A  00003A  000554       A34       0  CODE        2
                text10                         000554  000044  000598       AA8       0  CODE        2
                text4                          000598  000044  0005DC       B30       0  CODE        2
                maintext                       0005DC  000046  000622       BB8       0  CODE        2
                text6                          000622  00005C  00067E       C44       0  CODE        2
                text8                          00067E  0000A3  000721       CFC       0  CODE        2
                text1                          000721  0000DB  0007FC       E42       0  CODE        2
                cinit                          0007FC  000004  000800       FF8       0  CODE        2


UNUSED ADDRESS RANGES

        Name                Unused          Largest block    Delta
        BANK0            002E-006F             42           1
        BANK1            00A0-00EF             50           1
        BANK2            0110-016F             60           1
        BANK3            0190-01EF             60           1
        CODE             0029-044D            425           2
                         0800-1FFF            800
        CONST            0029-044D            100           2
                         0800-1FFF            100
        EEDATA           2100-21FF            100           2
        ENTRY            0029-044D            100           2
                         0800-1FFF            100
        IDLOC            2000-2003              4           2
        RAM              002E-006F             42           1
                         00A0-00EF             50
                         0110-016F             60
                         0190-01EF             60
        SFR0             0000-001F             20           1
        SFR1             0080-009F             20           1
        SFR2             0100-010F             10           1
        SFR3             0180-018F             10           1
        STACK            0110-016F             60           1
        STRCODE          0029-044D            425           2
                         0800-1FFF           1800
        STRING           0029-044D            100           2
                         0800-1FFF            100

                                  Symbol Table

?___lwdiv                cstackCOMMON 0070
?___lwmod                cstackCOMMON 0078
?_printf                 cstackBANK0  0020
_ANSEL                   (abs)        0188
_ANSELH                  (abs)        0189
_GIE                     (abs)        005F
_PEIE                    (abs)        005E
_PSA                     (abs)        040B
_RD1                     (abs)        0041
_RD2                     (abs)        0042
_RD3                     (abs)        0043
_RD4                     (abs)        0044
_RD5                     (abs)        0045
_RD6                     (abs)        0046
_RD7                     (abs)        0047
_T0CS                    (abs)        040D
_T0SE                    (abs)        040C
_TMR0                    (abs)        0001
_TMR0IE                  (abs)        005D
_TMR0IF                  (abs)        005A
_TRISA4                  (abs)        042C
_TRISD1                  (abs)        0441
_TRISD2                  (abs)        0442
_TRISD3                  (abs)        0443
_TRISD4                  (abs)        0444
_TRISD5                  (abs)        0445
_TRISD6                  (abs)        0446
_TRISD7                  (abs)        0447
__Habs1                  abs1         0000
__Hbank0                 bank0        0000
__Hbank1                 bank1        0000
__Hbank2                 bank2        0000
__Hbank3                 bank3        0000
__Hcinit                 cinit        0800
__Hclrtext               clrtext      0000
__Hcode                  code         0000
__Hcommon                common       0000
__Hconfig                config       2009
__HcstackBANK0           cstackBANK0  0000
__HcstackCOMMON          cstackCOMMON 0000
__Heeprom_data           eeprom_data  0000
__Hend_init              end_init     0003
__Hfunctab               functab      0000
__Hinit                  init         0000
__Hintentry              intentry     0000
__Hmaintext              maintext     0000
__Hpowerup               powerup      0000
__Hram                   ram          0000
__Hreset_vec             reset_vec    0000
__Hsfr0                  sfr0         0000
__Hsfr1                  sfr1         0000
__Hsfr2                  sfr2         0000
__Hsfr3                  sfr3         0000
__Hspace_0               (abs)        0800
__Hspace_1               (abs)        007E
__Hspace_2               (abs)        0000
__Hspace_3               (abs)        0000
__Hspace_4               (abs)        4010
__Hstack                 stack        0000
__Hstrings               strings      0000
__Htext                  text         0000
__Labs1                  abs1         0000
__Lbank0                 bank0        0000
__Lbank1                 bank1        0000
__Lbank2                 bank2        0000
__Lbank3                 bank3        0000
__Lcinit                 cinit        07FC
__Lclrtext               clrtext      0000
__Lcode                  code         0000
__Lcommon                common       0000
__Lconfig                config       0000
__LcstackBANK0           cstackBANK0  0000
__LcstackCOMMON          cstackCOMMON 0000
__Leeprom_data           eeprom_data  0000
__Lend_init              end_init     0000
__Lfunctab               functab      0000
__Linit                  init         0000
__Lintentry              intentry     0000
__Lmaintext              maintext     0000
__Lpowerup               powerup      0000
__Lram                   ram          0000
__Lreset_vec             reset_vec    0000
__Lsfr0                  sfr0         0000
__Lsfr1                  sfr1         0000
__Lsfr2                  sfr2         0000
__Lsfr3                  sfr3         0000
__Lspace_0               (abs)        0000
__Lspace_1               (abs)        0000
__Lspace_2               (abs)        0000
__Lspace_3               (abs)        0000
__Lspace_4               (abs)        0000
__Lstack                 stack        0000
__Lstrings               strings      0000
__Ltext                  text         0000
__S0                     (abs)        0800
__S1                     (abs)        007E
__S2                     (abs)        0000
__S3                     (abs)        0000
___int_sp                stack        0000
___latbits               (abs)        0002
___lwdiv                 text4        0598
___lwdiv@counter         cstackCOMMON 0077
___lwdiv@dividend        cstackCOMMON 0072
___lwdiv@divisor         cstackCOMMON 0070
___lwdiv@quotient        cstackCOMMON 0075
___lwmod                 text3        051A
___lwmod@counter         cstackCOMMON 007D
___lwmod@dividend        cstackCOMMON 007A
___lwmod@divisor         cstackCOMMON 0078
___sp                    stack        0000
___stackhi               (abs)        0000
___stacklo               (abs)        0000
__end_of___lwdiv         text4        05DC
__end_of___lwmod         text3        0554
__end_of__initialization cinit        07FC
__end_of__stringtab      strings      0009
__end_of_declarePort     text12       0468
__end_of_dpowers         strings      0013
__end_of_lcd_busy        text11       04E1
__end_of_lcd_gotoxy      text7        04B1
__end_of_lcd_init        text8        0721
__end_of_lcd_put_byte    text9        051A
__end_of_lcd_put_nibble  text10       0598
__end_of_lcd_putc        text6        067E
__end_of_lcd_puts        text5        048B
__end_of_main            maintext     0622
__end_of_printf          text1        07FC
__end_of_putch           text2        0456
__end_ofmain@your_name   strings      0024
__initialization         cinit        07FC
__pcstackBANK0           cstackBANK0  0020
__pcstackCOMMON          cstackCOMMON 0070
__pmaintext              maintext     05DC
__pstrings               strings      0003
__ptext1                 text1        0721
__ptext10                text10       0554
__ptext11                text11       04B1
__ptext12                text12       0456
__ptext2                 text2        044E
__ptext3                 text3        051A
__ptext4                 text4        0598
__ptext5                 text5        0468
__ptext6                 text6        0622
__ptext7                 text7        048B
__ptext8                 text8        067E
__ptext9                 text9        04E1
__size_of___lwdiv        (abs)        0000
__size_of___lwmod        (abs)        0000
__size_of_declarePort    (abs)        0000
__size_of_lcd_busy       (abs)        0000
__size_of_lcd_gotoxy     (abs)        0000
__size_of_lcd_init       (abs)        0000
__size_of_lcd_put_byte   (abs)        0000
__size_of_lcd_put_nibble (abs)        0000
__size_of_lcd_putc       (abs)        0000
__size_of_lcd_puts       (abs)        0000
__size_of_main           (abs)        0000
__size_of_printf         (abs)        0000
__size_of_putch          (abs)        0000
__stringbase             strings      0008
__stringtab              strings      0003
_declarePort             text12       0456
_dpowers                 strings      0009
_lcd_busy                text11       04B1
_lcd_gotoxy              text7        048B
_lcd_init                text8        067E
_lcd_put_byte            text9        04E1
_lcd_put_nibble          text10       0554
_lcd_putc                text6        0622
_lcd_puts                text5        0468
_main                    maintext     05DC
_printf                  text1        0721
_putch                   text2        044E
btemp                    (abs)        007E
end_of_initialization    cinit        07FC
intlevel0                functab      0000
intlevel1                functab      0000
intlevel2                functab      0000
intlevel3                functab      0000
intlevel4                functab      0000
intlevel5                functab      0000
lcd_busy@busy            cstackCOMMON 0071
lcd_gotoxy@address       cstackCOMMON 0079
lcd_gotoxy@col           cstackCOMMON 0078
lcd_gotoxy@row           cstackCOMMON 0076
lcd_put_byte@b           cstackCOMMON 0073
lcd_put_byte@rs          cstackCOMMON 0075
lcd_put_nibble@b         cstackCOMMON 0071
lcd_put_nibble@temp      cstackCOMMON 0072
lcd_putc@c               cstackCOMMON 007C
lcd_puts@s               cstackBANK0  0020
main@your_name           strings      0013
printf@ap                cstackBANK0  0025
printf@c                 cstackBANK0  002B
printf@f                 cstackBANK0  0028
printf@flag              cstackBANK0  0026
printf@prec              cstackBANK0  0027
printf@val               cstackBANK0  0029
putch@c                  cstackCOMMON 007D
reset_vec                reset_vec    0000
start                    init         0000
start_initialization     cinit        07FC
wtemp0                   (abs)        007E


MODULE INFORMATION

Module		Function		Class		Link	Load	Size
counter0.c
		_declarePort   		CODE           	0456	0000	18
		_main          		CODE           	05DC	0000	70

counter0.c estimated size: 88

C:\Program Files\Microchip\xc8\v2.32\pic\sources\c90\common\lwmod.c
		___lwmod       		CODE           	051A	0000	58

C:\Program Files\Microchip\xc8\v2.32\pic\sources\c90\common\lwmod.c estimated size: 58

shared
		__stringtab    		STRING         	0003	0000	6
		_dpowers       		STRING         	0009	0000	10
		main@your_name 		STRING         	0013	0000	17
		__initialization		CODE           	07FC	0000	1

shared estimated size: 34

lcd.c
		_lcd_busy      		CODE           	04B1	0000	48
		_lcd_putc      		CODE           	0622	0000	92
		_lcd_puts      		CODE           	0468	0000	35
		_putch         		CODE           	044E	0000	8
		_lcd_put_byte  		CODE           	04E1	0000	57
		_lcd_put_nibble		CODE           	0554	0000	68
		_lcd_gotoxy    		CODE           	048B	0000	38
		_lcd_init      		CODE           	067E	0000	163

lcd.c estimated size: 509

C:\Program Files\Microchip\xc8\v2.32\pic\sources\c90\common\doprnt.c
		_printf        		CODE           	0721	0000	219

C:\Program Files\Microchip\xc8\v2.32\pic\sources\c90\common\doprnt.c estimated size: 219

C:\Program Files\Microchip\xc8\v2.32\pic\sources\c90\common\lwdiv.c
		___lwdiv       		CODE           	0598	0000	68

C:\Program Files\Microchip\xc8\v2.32\pic\sources\c90\common\lwdiv.c estimated size: 68

