Microchip MPLAB XC8 Compiler V2.32

Linker command line:

-W-3 --edf=C:\Program Files\Microchip\xc8\v2.32\pic\dat\en_msgs.txt -cn \
  -h+dist/default/production\bai_1.X.production.sym \
  --cmf=dist/default/production\bai_1.X.production.cmf -z -Q16F887 \
  -oC:\Users\ssc002\AppData\Local\Temp\xcAsah0.4 --defsym=__MPLAB_BUILD=1 \
  -Mdist/default/production/bai_1.X.production.map -E1 -ver=XC8 Compiler \
  --acfsm=1493 -ASTACK=0110h-016Fh -pstack=STACK -ACODE=00h-07FFhx4 \
  -ASTRCODE=00h-01FFFh -ASTRING=00h-0FFhx32 -ACONST=00h-0FFhx32 \
  -AENTRY=00h-0FFhx32 -ACOMMON=070h-07Fh -ABANK0=020h-06Fh \
  -ABANK1=0A0h-0EFh -ABANK2=0110h-016Fh -ABANK3=0190h-01EFh \
  -ARAM=020h-06Fh,0A0h-0EFh,0110h-016Fh,0190h-01EFh \
  -AABS1=020h-07Fh,0A0h-0EFh,0110h-016Fh,0190h-01EFh -ASFR0=00h-01Fh \
  -ASFR1=080h-09Fh -ASFR2=0100h-010Fh -ASFR3=0180h-018Fh \
  -ACONFIG=02007h-02008h -DCONFIG=2 -AIDLOC=02000h-02003h -DIDLOC=2 \
  -AEEDATA=00h-0FFh/02100h -peeprom_data=EEDATA -DEEDATA=2 -DCODE=2 \
  -DSTRCODE=2 -DSTRING=2 -DCONST=2 -DENTRY=2 \
  -preset_vec=00h,intentry,init,end_init -ppowerup=CODE -pcinit=CODE \
  -pfunctab=ENTRY -k C:\Users\ssc002\AppData\Local\Temp\xcAsah0.o \
  dist/default/production\bai_1.X.production.o 

Object code version is 3.11

Machine type is 16F887



                Name                               Link     Load   Length Selector   Space Scale
C:\Users\ssc002\AppData\Local\Temp\xcAsah0.o
                end_init                              0        0        3        0       0
                config                             2007     2007        2        0       4
dist/default/production\bai_1.X.production.o
                cinit                               7FC      7FC        4      FF8       0
                config                             2007     2007        2        0       4
                text8                               619      619       30      C32       0
                text7                               6B9      6B9       44      D72       0
                text6                               680      680       39      D00       0
                text5                               759      759       A3      EB2       0
                text4                               5C7      5C7       26      B8E       0
                text3                               6FD      6FD       5C      DFA       0
                text2                               5A4      5A4       23      B48       0
                text1                               649      649       37      C92       0
                maintext                            5ED      5ED       2C      BDA       0
                cstackBANK0                          20       20        7       20       1
                cstackCOMMON                         70       70        E       70       1
                strings                               3        3       5F        6       0

TOTAL           Name                               Link     Load   Length     Space
        CLASS   STACK          

        CLASS   CODE           
                end_init                              0        0        3         0
                cinit                               7FC      7FC        4         0
                text8                               619      619       30         0
                text7                               6B9      6B9       44         0
                text6                               680      680       39         0
                text5                               759      759       A3         0
                text4                               5C7      5C7       26         0
                text3                               6FD      6FD       5C         0
                text2                               5A4      5A4       23         0
                text1                               649      649       37         0
                maintext                            5ED      5ED       2C         0

        CLASS   STRCODE        

        CLASS   STRING         
                strings                               3        3       5F         0

        CLASS   CONST          

        CLASS   ENTRY          

        CLASS   COMMON         
                cstackCOMMON                         70       70        E         1

        CLASS   BANK0          
                cstackBANK0                          20       20        7         1

        CLASS   BANK1          

        CLASS   BANK2          

        CLASS   BANK3          

        CLASS   RAM            

        CLASS   ABS1           
                abs_s1                               7E       7E        2         1

        CLASS   SFR0           

        CLASS   SFR1           

        CLASS   SFR2           

        CLASS   SFR3           

        CLASS   CONFIG         
                config                             2007     2007        2         4

        CLASS   IDLOC          

        CLASS   EEDATA         



SEGMENTS        Name                           Load    Length   Top    Selector   Space  Class     Delta

                reset_vec                      000000  000003  000003         0       0  CODE        2
                strings                        000003  00005F  000062         6       0  STRING      2
                cstackBANK0                    000020  000007  000027        20       1  BANK0       1
                cstackCOMMON                   000070  00000E  00007E        70       1  COMMON      1
                text2                          0005A4  000023  0005C7       B48       0  CODE        2
                text4                          0005C7  000026  0005ED       B8E       0  CODE        2
                maintext                       0005ED  00002C  000619       BDA       0  CODE        2
                text8                          000619  000030  000649       C32       0  CODE        2
                text1                          000649  000037  000680       C92       0  CODE        2
                text6                          000680  000039  0006B9       D00       0  CODE        2
                text7                          0006B9  000044  0006FD       D72       0  CODE        2
                text3                          0006FD  00005C  000759       DFA       0  CODE        2
                text5                          000759  0000A3  0007FC       EB2       0  CODE        2
                cinit                          0007FC  000004  000800       FF8       0  CODE        2


UNUSED ADDRESS RANGES

        Name                Unused          Largest block    Delta
        BANK0            0027-006F             49           1
        BANK1            00A0-00EF             50           1
        BANK2            0110-016F             60           1
        BANK3            0190-01EF             60           1
        CODE             0062-05A3            542           2
                         0800-1FFF            800
        CONST            0062-05A3            100           2
                         0800-1FFF            100
        EEDATA           2100-21FF            100           2
        ENTRY            0062-05A3            100           2
                         0800-1FFF            100
        IDLOC            2000-2003              4           2
        RAM              0027-006F             49           1
                         00A0-00EF             50
                         0110-016F             60
                         0190-01EF             60
        SFR0             0000-001F             20           1
        SFR1             0080-009F             20           1
        SFR2             0100-010F             10           1
        SFR3             0180-018F             10           1
        STACK            0110-016F             60           1
        STRCODE          0062-05A3            542           2
                         0800-1FFF           1800
        STRING           0062-05A3            100           2
                         0800-1FFF            100

                                  Symbol Table

_RD1                     (abs)        0041
_RD2                     (abs)        0042
_RD3                     (abs)        0043
_RD4                     (abs)        0044
_RD5                     (abs)        0045
_RD6                     (abs)        0046
_RD7                     (abs)        0047
_TRISD1                  (abs)        0441
_TRISD2                  (abs)        0442
_TRISD3                  (abs)        0443
_TRISD4                  (abs)        0444
_TRISD5                  (abs)        0445
_TRISD6                  (abs)        0446
_TRISD7                  (abs)        0447
__Habs1                  abs1         0000
__Hbank0                 bank0        0000
__Hbank1                 bank1        0000
__Hbank2                 bank2        0000
__Hbank3                 bank3        0000
__Hcinit                 cinit        0800
__Hclrtext               clrtext      0000
__Hcode                  code         0000
__Hcommon                common       0000
__Hconfig                config       2009
__HcstackBANK0           cstackBANK0  0000
__HcstackCOMMON          cstackCOMMON 0000
__Heeprom_data           eeprom_data  0000
__Hend_init              end_init     0003
__Hfunctab               functab      0000
__Hinit                  init         0000
__Hintentry              intentry     0000
__Hmaintext              maintext     0000
__Hpowerup               powerup      0000
__Hram                   ram          0000
__Hreset_vec             reset_vec    0000
__Hsfr0                  sfr0         0000
__Hsfr1                  sfr1         0000
__Hsfr2                  sfr2         0000
__Hsfr3                  sfr3         0000
__Hspace_0               (abs)        0800
__Hspace_1               (abs)        007E
__Hspace_2               (abs)        0000
__Hspace_3               (abs)        0000
__Hspace_4               (abs)        4010
__Hstack                 stack        0000
__Hstrings               strings      0000
__Htext                  text         0000
__Labs1                  abs1         0000
__Lbank0                 bank0        0000
__Lbank1                 bank1        0000
__Lbank2                 bank2        0000
__Lbank3                 bank3        0000
__Lcinit                 cinit        07FC
__Lclrtext               clrtext      0000
__Lcode                  code         0000
__Lcommon                common       0000
__Lconfig                config       0000
__LcstackBANK0           cstackBANK0  0000
__LcstackCOMMON          cstackCOMMON 0000
__Leeprom_data           eeprom_data  0000
__Lend_init              end_init     0000
__Lfunctab               functab      0000
__Linit                  init         0000
__Lintentry              intentry     0000
__Lmaintext              maintext     0000
__Lpowerup               powerup      0000
__Lram                   ram          0000
__Lreset_vec             reset_vec    0000
__Lsfr0                  sfr0         0000
__Lsfr1                  sfr1         0000
__Lsfr2                  sfr2         0000
__Lsfr3                  sfr3         0000
__Lspace_0               (abs)        0000
__Lspace_1               (abs)        0000
__Lspace_2               (abs)        0000
__Lspace_3               (abs)        0000
__Lspace_4               (abs)        0000
__Lstack                 stack        0000
__Lstrings               strings      0000
__Ltext                  text         0000
__S0                     (abs)        0800
__S1                     (abs)        007E
__S2                     (abs)        0000
__S3                     (abs)        0000
___int_sp                stack        0000
___latbits               (abs)        0002
___sp                    stack        0000
___stackhi               (abs)        0000
___stacklo               (abs)        0000
__end_of__initialization cinit        07FC
__end_of__stringtab      strings      0009
__end_of_lcd_busy        text8        0649
__end_of_lcd_gotoxy      text4        05ED
__end_of_lcd_init        text5        07FC
__end_of_lcd_put_byte    text6        06B9
__end_of_lcd_put_nibble  text7        06FD
__end_of_lcd_putc        text3        0759
__end_of_lcd_puts        text2        05C7
__end_of_main            maintext     0619
__end_of_showContent     text1        0680
__end_ofmain@HKTT        strings      0062
__end_ofmain@MSSV        strings      0048
__end_ofmain@class       strings      0055
__end_ofmain@your_born   strings      001A
__end_ofmain@your_live   strings      002A
__end_ofmain@your_name   strings      003A
__initialization         cinit        07FC
__pcstackBANK0           cstackBANK0  0020
__pcstackCOMMON          cstackCOMMON 0070
__pmaintext              maintext     05ED
__pstrings               strings      0003
__ptext1                 text1        0649
__ptext2                 text2        05A4
__ptext3                 text3        06FD
__ptext4                 text4        05C7
__ptext5                 text5        0759
__ptext6                 text6        0680
__ptext7                 text7        06B9
__ptext8                 text8        0619
__size_of_lcd_busy       (abs)        0000
__size_of_lcd_gotoxy     (abs)        0000
__size_of_lcd_init       (abs)        0000
__size_of_lcd_put_byte   (abs)        0000
__size_of_lcd_put_nibble (abs)        0000
__size_of_lcd_putc       (abs)        0000
__size_of_lcd_puts       (abs)        0000
__size_of_main           (abs)        0000
__size_of_showContent    (abs)        0000
__stringbase             strings      0008
__stringtab              strings      0003
_lcd_busy                text8        0619
_lcd_gotoxy              text4        05C7
_lcd_init                text5        0759
_lcd_put_byte            text6        0680
_lcd_put_nibble          text7        06B9
_lcd_putc                text3        06FD
_lcd_puts                text2        05A4
_main                    maintext     05ED
_showContent             text1        0649
btemp                    (abs)        007E
end_of_initialization    cinit        07FC
intlevel0                functab      0000
intlevel1                functab      0000
intlevel2                functab      0000
intlevel3                functab      0000
intlevel4                functab      0000
intlevel5                functab      0000
lcd_busy@busy            cstackCOMMON 0071
lcd_gotoxy@address       cstackCOMMON 0079
lcd_gotoxy@col           cstackCOMMON 0078
lcd_gotoxy@row           cstackCOMMON 0076
lcd_put_byte@b           cstackCOMMON 0073
lcd_put_byte@rs          cstackCOMMON 0075
lcd_put_nibble@b         cstackCOMMON 0071
lcd_put_nibble@temp      cstackCOMMON 0072
lcd_putc@c               cstackCOMMON 007C
lcd_puts@s               cstackBANK0  0020
main@HKTT                strings      0055
main@MSSV                strings      003A
main@class               strings      0048
main@your_born           strings      0009
main@your_live           strings      001A
main@your_name           strings      002A
reset_vec                reset_vec    0000
showContent@arr_1        cstackBANK0  0025
showContent@arr_2        cstackBANK0  0021
start                    init         0000
start_initialization     cinit        07FC
wtemp0                   (abs)        007E


MODULE INFORMATION

Module		Function		Class		Link	Load	Size
newmain.c
		_main          		CODE           	05ED	0000	44
		_showContent   		CODE           	0649	0000	55

newmain.c estimated size: 99

shared
		__stringtab    		STRING         	0003	0000	6
		main@your_name 		STRING         	002A	0000	16
		main@your_live 		STRING         	001A	0000	16
		main@your_born 		STRING         	0009	0000	17
		__initialization		CODE           	07FC	0000	1
		main@MSSV      		STRING         	003A	0000	14
		main@class     		STRING         	0048	0000	13
		main@HKTT      		STRING         	0055	0000	13

shared estimated size: 96

lcd.c
		_lcd_busy      		CODE           	0619	0000	48
		_lcd_putc      		CODE           	06FD	0000	92
		_lcd_puts      		CODE           	05A4	0000	35
		_lcd_put_byte  		CODE           	0680	0000	57
		_lcd_put_nibble		CODE           	06B9	0000	68
		_lcd_gotoxy    		CODE           	05C7	0000	38
		_lcd_init      		CODE           	0759	0000	163

lcd.c estimated size: 501

