Microchip MPLAB XC8 Compiler V2.32

Linker command line:

-W-3 --edf=C:\Program Files\Microchip\xc8\v2.32\pic\dat\en_msgs.txt -cn \
  -h+dist/default/production\Counter1_bai2.X.production.sym \
  --cmf=dist/default/production\Counter1_bai2.X.production.cmf -z -Q16F887 \
  -oC:\Users\ssc002\AppData\Local\Temp\xcAse4o.6 --defsym=__MPLAB_BUILD=1 \
  -Mdist/default/production/Counter1_bai2.X.production.map -E1 \
  -ver=XC8 Compiler --acfsm=1493 -ASTACK=0110h-016Fh -pstack=STACK \
  -ACODE=00h-07FFhx4 -ASTRCODE=00h-01FFFh -ASTRING=00h-0FFhx32 \
  -ACONST=00h-0FFhx32 -AENTRY=00h-0FFhx32 -ACOMMON=070h-07Fh \
  -ABANK0=020h-06Fh -ABANK1=0A0h-0EFh -ABANK2=0110h-016Fh \
  -ABANK3=0190h-01EFh -ARAM=020h-06Fh,0A0h-0EFh,0110h-016Fh,0190h-01EFh \
  -AABS1=020h-07Fh,0A0h-0EFh,0110h-016Fh,0190h-01EFh -ASFR0=00h-01Fh \
  -ASFR1=080h-09Fh -ASFR2=0100h-010Fh -ASFR3=0180h-018Fh \
  -ACONFIG=02007h-02008h -DCONFIG=2 -AIDLOC=02000h-02003h -DIDLOC=2 \
  -AEEDATA=00h-0FFh/02100h -peeprom_data=EEDATA -DEEDATA=2 -DCODE=2 \
  -DSTRCODE=2 -DSTRING=2 -DCONST=2 -DENTRY=2 \
  -preset_vec=00h,intentry,init,end_init -ppowerup=CODE -pcinit=CODE \
  -pfunctab=ENTRY -k C:\Users\ssc002\AppData\Local\Temp\xcAse4o.o \
  dist/default/production\Counter1_bai2.X.production.o 

Object code version is 3.11

Machine type is 16F887



                Name                               Link     Load   Length Selector   Space Scale
C:\Users\ssc002\AppData\Local\Temp\xcAse4o.o
                end_init                              0        0        3        0       0
                config                             2007     2007        2        0       4
dist/default/production\Counter1_bai2.X.production.o
                cinit                               7FC      7FC        4      FF8       0
                config                             2007     2007        2        0       4
                text13                              435      435       30      86A       0
                text12                              4D8      4D8       44      9B0       0
                text11                              465      465       39      8CA       0
                text10                              560      560       47      AC0       0
                text9                               3D7      3D7       1B      7AE       0
                text8                               3F2      3F2       1D      7E4       0
                text7                               67E      67E       A3      CFC       0
                text6                               51C      51C       44      A38       0
                text5                               49E      49E       3A      93C       0
                text4                               40F      40F       26      81E       0
                text3                               5A7      5A7       5C      B4E       0
                text2                               3CF      3CF        8      79E       0
                text1                               721      721       DB      E42       0
                maintext                            603      603       7B      C06       0
                cstackBANK0                          20       20       10       20       1
                cstackCOMMON                         70       70        E       70       1
                strings                               3        3       2F        6       0

TOTAL           Name                               Link     Load   Length     Space
        CLASS   STACK          

        CLASS   CODE           
                end_init                              0        0        3         0
                cinit                               7FC      7FC        4         0
                text13                              435      435       30         0
                text12                              4D8      4D8       44         0
                text11                              465      465       39         0
                text10                              560      560       47         0
                text9                               3D7      3D7       1B         0
                text8                               3F2      3F2       1D         0
                text7                               67E      67E       A3         0
                text6                               51C      51C       44         0
                text5                               49E      49E       3A         0
                text4                               40F      40F       26         0
                text3                               5A7      5A7       5C         0
                text2                               3CF      3CF        8         0
                text1                               721      721       DB         0
                maintext                            603      603       7B         0

        CLASS   STRCODE        

        CLASS   STRING         
                strings                               3        3       2F         0

        CLASS   CONST          

        CLASS   ENTRY          

        CLASS   COMMON         
                cstackCOMMON                         70       70        E         1

        CLASS   BANK0          
                cstackBANK0                          20       20       10         1

        CLASS   BANK1          

        CLASS   BANK2          

        CLASS   BANK3          

        CLASS   RAM            

        CLASS   ABS1           
                abs_s1                               7E       7E        2         1

        CLASS   SFR0           

        CLASS   SFR1           

        CLASS   SFR2           

        CLASS   SFR3           

        CLASS   CONFIG         
                config                             2007     2007        2         4

        CLASS   IDLOC          

        CLASS   EEDATA         



SEGMENTS        Name                           Load    Length   Top    Selector   Space  Class     Delta

                reset_vec                      000000  000003  000003         0       0  CODE        2
                strings                        000003  00002F  000032         6       0  STRING      2
                cstackBANK0                    000020  000010  000030        20       1  BANK0       1
                cstackCOMMON                   000070  00000E  00007E        70       1  COMMON      1
                text2                          0003CF  000008  0003D7       79E       0  CODE        2
                text9                          0003D7  00001B  0003F2       7AE       0  CODE        2
                text8                          0003F2  00001D  00040F       7E4       0  CODE        2
                text4                          00040F  000026  000435       81E       0  CODE        2
                text13                         000435  000030  000465       86A       0  CODE        2
                text11                         000465  000039  00049E       8CA       0  CODE        2
                text5                          00049E  00003A  0004D8       93C       0  CODE        2
                text12                         0004D8  000044  00051C       9B0       0  CODE        2
                text6                          00051C  000044  000560       A38       0  CODE        2
                text10                         000560  000047  0005A7       AC0       0  CODE        2
                text3                          0005A7  00005C  000603       B4E       0  CODE        2
                maintext                       000603  00007B  00067E       C06       0  CODE        2
                text7                          00067E  0000A3  000721       CFC       0  CODE        2
                text1                          000721  0000DB  0007FC       E42       0  CODE        2
                cinit                          0007FC  000004  000800       FF8       0  CODE        2


UNUSED ADDRESS RANGES

        Name                Unused          Largest block    Delta
        BANK0            0030-006F             40           1
        BANK1            00A0-00EF             50           1
        BANK2            0110-016F             60           1
        BANK3            0190-01EF             60           1
        CODE             0032-03CE            39D           2
                         0800-1FFF            800
        CONST            0032-03CE            100           2
                         0800-1FFF            100
        EEDATA           2100-21FF            100           2
        ENTRY            0032-03CE            100           2
                         0800-1FFF            100
        IDLOC            2000-2003              4           2
        RAM              0030-006F             40           1
                         00A0-00EF             50
                         0110-016F             60
                         0190-01EF             60
        SFR0             0000-001F             20           1
        SFR1             0080-009F             20           1
        SFR2             0100-010F             10           1
        SFR3             0180-018F             10           1
        STACK            0110-016F             60           1
        STRCODE          0032-03CE            39D           2
                         0800-1FFF           1800
        STRING           0032-03CE            100           2
                         0800-1FFF            100

                                  Symbol Table

?___lwdiv                       cstackCOMMON 0070
?___lwmod                       cstackCOMMON 0078
?_getLengthArr                  cstackCOMMON 0070
?_printf                        cstackBANK0  0020
_ANSEL                          (abs)        0188
_ANSELH                         (abs)        0189
_GIE                            (abs)        005F
_PEIE                           (abs)        005E
_RD1                            (abs)        0041
_RD2                            (abs)        0042
_RD3                            (abs)        0043
_RD4                            (abs)        0044
_RD5                            (abs)        0045
_RD6                            (abs)        0046
_RD7                            (abs)        0047
_T1CKPS0                        (abs)        0084
_T1CKPS1                        (abs)        0085
_T1OSCEN                        (abs)        0083
_TMR1                           (abs)        000E
_TMR1CS                         (abs)        0081
_TMR1IE                         (abs)        0460
_TMR1IF                         (abs)        0060
_TMR1ON                         (abs)        0080
_TRISC0                         (abs)        0438
_TRISD1                         (abs)        0441
_TRISD2                         (abs)        0442
_TRISD3                         (abs)        0443
_TRISD4                         (abs)        0444
_TRISD5                         (abs)        0445
_TRISD6                         (abs)        0446
_TRISD7                         (abs)        0447
__Habs1                         abs1         0000
__Hbank0                        bank0        0000
__Hbank1                        bank1        0000
__Hbank2                        bank2        0000
__Hbank3                        bank3        0000
__Hcinit                        cinit        0800
__Hclrtext                      clrtext      0000
__Hcode                         code         0000
__Hcommon                       common       0000
__Hconfig                       config       2009
__HcstackBANK0                  cstackBANK0  0000
__HcstackCOMMON                 cstackCOMMON 0000
__Heeprom_data                  eeprom_data  0000
__Hend_init                     end_init     0003
__Hfunctab                      functab      0000
__Hinit                         init         0000
__Hintentry                     intentry     0000
__Hmaintext                     maintext     0000
__Hpowerup                      powerup      0000
__Hram                          ram          0000
__Hreset_vec                    reset_vec    0000
__Hsfr0                         sfr0         0000
__Hsfr1                         sfr1         0000
__Hsfr2                         sfr2         0000
__Hsfr3                         sfr3         0000
__Hspace_0                      (abs)        0800
__Hspace_1                      (abs)        007E
__Hspace_2                      (abs)        0000
__Hspace_3                      (abs)        0000
__Hspace_4                      (abs)        4010
__Hstack                        stack        0000
__Hstrings                      strings      0000
__Htext                         text         0000
__Labs1                         abs1         0000
__Lbank0                        bank0        0000
__Lbank1                        bank1        0000
__Lbank2                        bank2        0000
__Lbank3                        bank3        0000
__Lcinit                        cinit        07FC
__Lclrtext                      clrtext      0000
__Lcode                         code         0000
__Lcommon                       common       0000
__Lconfig                       config       0000
__LcstackBANK0                  cstackBANK0  0000
__LcstackCOMMON                 cstackCOMMON 0000
__Leeprom_data                  eeprom_data  0000
__Lend_init                     end_init     0000
__Lfunctab                      functab      0000
__Linit                         init         0000
__Lintentry                     intentry     0000
__Lmaintext                     maintext     0000
__Lpowerup                      powerup      0000
__Lram                          ram          0000
__Lreset_vec                    reset_vec    0000
__Lsfr0                         sfr0         0000
__Lsfr1                         sfr1         0000
__Lsfr2                         sfr2         0000
__Lsfr3                         sfr3         0000
__Lspace_0                      (abs)        0000
__Lspace_1                      (abs)        0000
__Lspace_2                      (abs)        0000
__Lspace_3                      (abs)        0000
__Lspace_4                      (abs)        0000
__Lstack                        stack        0000
__Lstrings                      strings      0000
__Ltext                         text         0000
__S0                            (abs)        0800
__S1                            (abs)        007E
__S2                            (abs)        0000
__S3                            (abs)        0000
___int_sp                       stack        0000
___latbits                      (abs)        0002
___lwdiv                        text6        051C
___lwdiv@counter                cstackCOMMON 0077
___lwdiv@dividend               cstackCOMMON 0072
___lwdiv@divisor                cstackCOMMON 0070
___lwdiv@quotient               cstackCOMMON 0075
___lwmod                        text5        049E
___lwmod@counter                cstackCOMMON 007D
___lwmod@dividend               cstackCOMMON 007A
___lwmod@divisor                cstackCOMMON 0078
___sp                           stack        0000
___stackhi                      (abs)        0000
___stacklo                      (abs)        0000
__end_of___lwdiv                text6        0560
__end_of___lwmod                text5        04D8
__end_of__initialization        cinit        07FC
__end_of__stringtab             strings      0009
__end_of_addCharSpecial         text10       05A7
__end_of_declarePort            text9        03F2
__end_of_dpowers                strings      0013
__end_of_getLengthArr           text8        040F
__end_of_lcd_busy               text13       0465
__end_of_lcd_gotoxy             text4        0435
__end_of_lcd_init               text7        0721
__end_of_lcd_put_byte           text11       049E
__end_of_lcd_put_nibble         text12       051C
__end_of_lcd_putc               text3        0603
__end_of_main                   maintext     067E
__end_of_printf                 text1        07FC
__end_of_putch                  text2        03D7
__end_ofmain@special_name_title strings      002D
__end_ofmain@your_name          strings      0024
__initialization                cinit        07FC
__pcstackBANK0                  cstackBANK0  0020
__pcstackCOMMON                 cstackCOMMON 0070
__pmaintext                     maintext     0603
__pstrings                      strings      0003
__ptext1                        text1        0721
__ptext10                       text10       0560
__ptext11                       text11       0465
__ptext12                       text12       04D8
__ptext13                       text13       0435
__ptext2                        text2        03CF
__ptext3                        text3        05A7
__ptext4                        text4        040F
__ptext5                        text5        049E
__ptext6                        text6        051C
__ptext7                        text7        067E
__ptext8                        text8        03F2
__ptext9                        text9        03D7
__size_of___lwdiv               (abs)        0000
__size_of___lwmod               (abs)        0000
__size_of_addCharSpecial        (abs)        0000
__size_of_declarePort           (abs)        0000
__size_of_getLengthArr          (abs)        0000
__size_of_lcd_busy              (abs)        0000
__size_of_lcd_gotoxy            (abs)        0000
__size_of_lcd_init              (abs)        0000
__size_of_lcd_put_byte          (abs)        0000
__size_of_lcd_put_nibble        (abs)        0000
__size_of_lcd_putc              (abs)        0000
__size_of_main                  (abs)        0000
__size_of_printf                (abs)        0000
__size_of_putch                 (abs)        0000
__stringbase                    strings      0008
__stringtab                     strings      0003
_addCharSpecial                 text10       0560
_declarePort                    text9        03D7
_dpowers                        strings      0009
_getLengthArr                   text8        03F2
_lcd_busy                       text13       0435
_lcd_gotoxy                     text4        040F
_lcd_init                       text7        067E
_lcd_put_byte                   text11       0465
_lcd_put_nibble                 text12       04D8
_lcd_putc                       text3        05A7
_main                           maintext     0603
_printf                         text1        0721
_putch                          text2        03CF
addCharSpecial@character        cstackCOMMON 0079
addCharSpecial@i                cstackCOMMON 0077
btemp                           (abs)        007E
end_of_initialization           cinit        07FC
getLengthArr@character          cstackCOMMON 0072
getLengthArr@i                  cstackCOMMON 0073
intlevel0                       functab      0000
intlevel1                       functab      0000
intlevel2                       functab      0000
intlevel3                       functab      0000
intlevel4                       functab      0000
intlevel5                       functab      0000
lcd_busy@busy                   cstackCOMMON 0071
lcd_gotoxy@address              cstackCOMMON 0079
lcd_gotoxy@col                  cstackCOMMON 0078
lcd_gotoxy@row                  cstackCOMMON 0076
lcd_put_byte@b                  cstackCOMMON 0073
lcd_put_byte@rs                 cstackCOMMON 0075
lcd_put_nibble@b                cstackCOMMON 0071
lcd_put_nibble@temp             cstackCOMMON 0072
lcd_putc@c                      cstackCOMMON 007C
main@i                          cstackBANK0  002E
main@length                     cstackBANK0  002C
main@special_name_title         strings      0024
main@your_name                  strings      0013
printf@ap                       cstackBANK0  0025
printf@c                        cstackBANK0  002B
printf@f                        cstackBANK0  0028
printf@flag                     cstackBANK0  0026
printf@prec                     cstackBANK0  0027
printf@val                      cstackBANK0  0029
putch@c                         cstackCOMMON 007D
reset_vec                       reset_vec    0000
start                           init         0000
start_initialization            cinit        07FC
wtemp0                          (abs)        007E


MODULE INFORMATION

Module		Function		Class		Link	Load	Size
../Counter0_bai1.X/lcd.c
		_lcd_busy      		CODE           	0435	0000	48
		_lcd_putc      		CODE           	05A7	0000	92
		_putch         		CODE           	03CF	0000	8
		_lcd_put_byte  		CODE           	0465	0000	57
		_lcd_put_nibble		CODE           	04D8	0000	68
		_lcd_gotoxy    		CODE           	040F	0000	38
		_lcd_init      		CODE           	067E	0000	163

../Counter0_bai1.X/lcd.c estimated size: 474

C:\Program Files\Microchip\xc8\v2.32\pic\sources\c90\common\lwmod.c
		___lwmod       		CODE           	049E	0000	58

C:\Program Files\Microchip\xc8\v2.32\pic\sources\c90\common\lwmod.c estimated size: 58

shared
		__stringtab    		STRING         	0003	0000	6
		_dpowers       		STRING         	0009	0000	10
		main@your_name 		STRING         	0013	0000	17
		__initialization		CODE           	07FC	0000	1
		main@special_name_title		STRING         	0024	0000	9

shared estimated size: 43

C:\Program Files\Microchip\xc8\v2.32\pic\sources\c90\common\doprnt.c
		_printf        		CODE           	0721	0000	219

C:\Program Files\Microchip\xc8\v2.32\pic\sources\c90\common\doprnt.c estimated size: 219

bai2.c
		_getLengthArr  		CODE           	03F2	0000	29
		_declarePort   		CODE           	03D7	0000	27
		_addCharSpecial		CODE           	0560	0000	71
		_main          		CODE           	0603	0000	123

bai2.c estimated size: 250

C:\Program Files\Microchip\xc8\v2.32\pic\sources\c90\common\lwdiv.c
		___lwdiv       		CODE           	051C	0000	68

C:\Program Files\Microchip\xc8\v2.32\pic\sources\c90\common\lwdiv.c estimated size: 68

