Microchip MPLAB XC8 Compiler V2.32

Linker command line:

-W-3 --edf=C:\Program Files\Microchip\xc8\v2.32\pic\dat\en_msgs.txt -cn \
  -h+dist/default/production\interrupt_bai1.X.production.sym \
  --cmf=dist/default/production\interrupt_bai1.X.production.cmf -z -Q16F887 \
  -oC:\Users\ssc002\AppData\Local\Temp\xcAs6us.4 --defsym=__MPLAB_BUILD=1 \
  -Mdist/default/production/interrupt_bai1.X.production.map -E1 \
  -ver=XC8 Compiler --acfsm=1493 -ASTACK=0110h-016Fh -pstack=STACK \
  -ACODE=00h-07FFhx4 -ASTRCODE=00h-01FFFh -ASTRING=00h-0FFhx32 \
  -ACONST=00h-0FFhx32 -AENTRY=00h-0FFhx32 -ACOMMON=070h-07Fh \
  -ABANK0=020h-06Fh -ABANK1=0A0h-0EFh -ABANK2=0110h-016Fh \
  -ABANK3=0190h-01EFh -ARAM=020h-06Fh,0A0h-0EFh,0110h-016Fh,0190h-01EFh \
  -AABS1=020h-07Fh,0A0h-0EFh,0110h-016Fh,0190h-01EFh -ASFR0=00h-01Fh \
  -ASFR1=080h-09Fh -ASFR2=0100h-010Fh -ASFR3=0180h-018Fh \
  -ACONFIG=02007h-02008h -DCONFIG=2 -AIDLOC=02000h-02003h -DIDLOC=2 \
  -AEEDATA=00h-0FFh/02100h -peeprom_data=EEDATA -DEEDATA=2 -DCODE=2 \
  -DSTRCODE=2 -DSTRING=2 -DCONST=2 -DENTRY=2 \
  -preset_vec=00h,intentry=04h,init,end_init -ppowerup=CODE -pcinit=CODE \
  -pfunctab=ENTRY -k C:\Users\ssc002\AppData\Local\Temp\xcAs6us.o \
  dist/default/production\interrupt_bai1.X.production.o 

Object code version is 3.11

Machine type is 16F887



                Name                               Link     Load   Length Selector   Space Scale
C:\Users\ssc002\AppData\Local\Temp\xcAs6us.o
                end_init                             12       12        3        8       0
                reset_vec                             0        0        3        0       0
                config                             2007     2007        2        0       4
dist/default/production\interrupt_bai1.X.production.o
                cinit                                15       15        8        8       0
                intentry                              4        4        E        8       0
                config                             2007     2007        2        0       4
                text20                              3DA      3DA       44        8       0
                text19                              45D      45D       3A        8       0
                text18                              508      508       30        8       0
                text17                              396      396       44        8       0
                text16                              497      497       39        8       0
                text15                              560      560       26        8       0
                text14                              2A8      2A8       5C        8       0
                text13                              61B      61B        8      B52       0
                text12                               1D       1D       DB        8       0
                text11                              1A7      1A7       A3        8       0
                text10                              5CC      5CC       23      B52       0
                text9                               350      350       46        8       0
                text8                               60C      60C        F      B52       0
                text7                               4D0      4D0       38        8       0
                text6                               304      304       4C        8       0
                text5                               41E      41E       3F        8       0
                text4                                F8       F8       AF        8       0
                text3                               538      538       28        8       0
                text2                               24A      24A       5E        8       0
                text1                               5A9      5A9       23      B52       0
                maintext                            5EF      5EF       1D      B52       0
                cstackBANK0                          20       20       1F       20       1
                cstackCOMMON                         70       70        E       70       1
                bssBANK0                             3F       3F        2       20       1
                strings                             586      586       23      B0C       0

TOTAL           Name                               Link     Load   Length     Space
        CLASS   STACK          

        CLASS   CODE           
                end_init                             12       12        3         0
                cinit                                15       15        8         0
                intentry                              4        4        E         0
                reset_vec                             0        0        3         0
                text20                              3DA      3DA       44         0
                text19                              45D      45D       3A         0
                text18                              508      508       30         0
                text17                              396      396       44         0
                text16                              497      497       39         0
                text15                              560      560       26         0
                text14                              2A8      2A8       5C         0
                text13                              61B      61B        8         0
                text12                               1D       1D       DB         0
                text11                              1A7      1A7       A3         0
                text10                              5CC      5CC       23         0
                text9                               350      350       46         0
                text8                               60C      60C        F         0
                text7                               4D0      4D0       38         0
                text6                               304      304       4C         0
                text5                               41E      41E       3F         0
                text4                                F8       F8       AF         0
                text3                               538      538       28         0
                text2                               24A      24A       5E         0
                text1                               5A9      5A9       23         0
                maintext                            5EF      5EF       1D         0

        CLASS   STRCODE        

        CLASS   STRING         
                strings                             586      586       23         0

        CLASS   CONST          

        CLASS   ENTRY          

        CLASS   COMMON         
                cstackCOMMON                         70       70        E         1

        CLASS   BANK0          
                cstackBANK0                          20       20       1F         1
                bssBANK0                             3F       3F        2         1

        CLASS   BANK1          

        CLASS   BANK2          

        CLASS   BANK3          

        CLASS   RAM            

        CLASS   ABS1           
                abs_s1                               7E       7E        2         1

        CLASS   SFR0           

        CLASS   SFR1           

        CLASS   SFR2           

        CLASS   SFR3           

        CLASS   CONFIG         
                config                             2007     2007        2         4

        CLASS   IDLOC          

        CLASS   EEDATA         



SEGMENTS        Name                           Load    Length   Top    Selector   Space  Class     Delta

                reset_vec                      000000  000003  000003         0       0  CODE        2
                intentry                       000004  000582  000586         8       0  CODE        2
                cstackBANK0                    000020  000021  000041        20       1  BANK0       1
                cstackCOMMON                   000070  00000E  00007E        70       1  COMMON      1
                strings                        000586  000023  0005A9       B0C       0  STRING      2
                text1                          0005A9  00007A  000623       B52       0  CODE        2


UNUSED ADDRESS RANGES

        Name                Unused          Largest block    Delta
        BANK0            0041-006F             2F           1
        BANK1            00A0-00EF             50           1
        BANK2            0110-016F             60           1
        BANK3            0190-01EF             60           1
        CODE             0003-0003              1           2
                         0623-1FFF            800
        CONST            0003-0003              1           2
                         0623-1FFF            100
        EEDATA           2100-21FF            100           2
        ENTRY            0003-0003              1           2
                         0623-1FFF            100
        IDLOC            2000-2003              4           2
        RAM              0041-006F             2F           1
                         00A0-00EF             50
                         0110-016F             60
                         0190-01EF             60
        SFR0             0000-001F             20           1
        SFR1             0080-009F             20           1
        SFR2             0100-010F             10           1
        SFR3             0180-018F             10           1
        STACK            0110-016F             60           1
        STRCODE          0003-0003              1           2
                         0623-1FFF           19DD
        STRING           0003-0003              1           2
                         0623-1FFF            100

                                  Symbol Table

?___lwdiv                  cstackCOMMON 0070
?___lwmod                  cstackCOMMON 0078
?_printf                   cstackBANK0  0020
_ANSEL                     (abs)        0188
_ANSELH                    (abs)        0189
_GIE                       (abs)        005F
_INTE                      (abs)        005C
_INTEDG                    (abs)        040E
_INTF                      (abs)        0059
_RD1                       (abs)        0041
_RD2                       (abs)        0042
_RD3                       (abs)        0043
_RD4                       (abs)        0044
_RD5                       (abs)        0045
_RD6                       (abs)        0046
_RD7                       (abs)        0047
_TRISB                     (abs)        0086
_TRISD1                    (abs)        0441
_TRISD2                    (abs)        0442
_TRISD3                    (abs)        0443
_TRISD4                    (abs)        0444
_TRISD5                    (abs)        0445
_TRISD6                    (abs)        0446
_TRISD7                    (abs)        0447
_WPUB                      (abs)        0095
__Habs1                    abs1         0000
__Hbank0                   bank0        0000
__Hbank1                   bank1        0000
__Hbank2                   bank2        0000
__Hbank3                   bank3        0000
__HbssBANK0                bssBANK0     0000
__Hcinit                   cinit        001D
__Hclrtext                 clrtext      0000
__Hcode                    code         0000
__Hcommon                  common       0000
__Hconfig                  config       2009
__HcstackBANK0             cstackBANK0  0000
__HcstackCOMMON            cstackCOMMON 0000
__Heeprom_data             eeprom_data  0000
__Hend_init                end_init     0015
__Hfunctab                 functab      0000
__Hinit                    init         0012
__Hintentry                intentry     0012
__Hmaintext                maintext     0000
__Hpowerup                 powerup      0000
__Hram                     ram          0000
__Hreset_vec               reset_vec    0003
__Hsfr0                    sfr0         0000
__Hsfr1                    sfr1         0000
__Hsfr2                    sfr2         0000
__Hsfr3                    sfr3         0000
__Hspace_0                 (abs)        0623
__Hspace_1                 (abs)        007E
__Hspace_2                 (abs)        0000
__Hspace_3                 (abs)        0000
__Hspace_4                 (abs)        4010
__Hstack                   stack        0000
__Hstrings                 strings      0000
__Htext                    text         0000
__Labs1                    abs1         0000
__Lbank0                   bank0        0000
__Lbank1                   bank1        0000
__Lbank2                   bank2        0000
__Lbank3                   bank3        0000
__LbssBANK0                bssBANK0     0000
__Lcinit                   cinit        0015
__Lclrtext                 clrtext      0000
__Lcode                    code         0000
__Lcommon                  common       0000
__Lconfig                  config       0000
__LcstackBANK0             cstackBANK0  0000
__LcstackCOMMON            cstackCOMMON 0000
__Leeprom_data             eeprom_data  0000
__Lend_init                end_init     0012
__Lfunctab                 functab      0000
__Linit                    init         0012
__Lintentry                intentry     0004
__Lmaintext                maintext     0000
__Lpowerup                 powerup      0000
__Lram                     ram          0000
__Lreset_vec               reset_vec    0000
__Lsfr0                    sfr0         0000
__Lsfr1                    sfr1         0000
__Lsfr2                    sfr2         0000
__Lsfr3                    sfr3         0000
__Lspace_0                 (abs)        0000
__Lspace_1                 (abs)        0000
__Lspace_2                 (abs)        0000
__Lspace_3                 (abs)        0000
__Lspace_4                 (abs)        0000
__Lstack                   stack        0000
__Lstrings                 strings      0000
__Ltext                    text         0000
__S0                       (abs)        0623
__S1                       (abs)        007E
__S2                       (abs)        0000
__S3                       (abs)        0000
___int_sp                  stack        0000
___latbits                 (abs)        0002
___lwdiv                   text20       03DA
___lwdiv@counter           cstackCOMMON 0077
___lwdiv@dividend          cstackCOMMON 0072
___lwdiv@divisor           cstackCOMMON 0070
___lwdiv@quotient          cstackCOMMON 0075
___lwmod                   text19       045D
___lwmod@counter           cstackCOMMON 007D
___lwmod@dividend          cstackCOMMON 007A
___lwmod@divisor           cstackCOMMON 0078
___sp                      stack        0000
___stackhi                 (abs)        0000
___stacklo                 (abs)        0000
__end_of___lwdiv           text20       041E
__end_of___lwmod           text19       0497
__end_of__initialization   cinit        0019
__end_of__stringtab        strings      058C
__end_of_declarePort       text8        061B
__end_of_dpowers           strings      0596
__end_of_lcd_busy          text7        0508
__end_of_lcd_gotoxy        text3        0560
__end_of_lcd_init          text4        01A7
__end_of_lcd_put_byte      text5        045D
__end_of_lcd_put_nibble    text6        0350
__end_of_lcd_putc          text2        02A8
__end_of_lcd_puts          text1        05CC
__end_of_main              maintext     060C
__end_of_myIsr             text9        0396
__end_of_printf            text12       00F8
__end_of_putch             text13       0623
__end_of_your_name         strings      05A6
__end_ofi1_lcd_busy        text18       0538
__end_ofi1_lcd_gotoxy      text15       0586
__end_ofi1_lcd_init        text11       024A
__end_ofi1_lcd_put_byte    text16       04D0
__end_ofi1_lcd_put_nibble  text17       03DA
__end_ofi1_lcd_putc        text14       0304
__end_ofi1_lcd_puts        text10       05EF
__initialization           cinit        0015
__pbssBANK0                bssBANK0     003F
__pcstackBANK0             cstackBANK0  0020
__pcstackCOMMON            cstackCOMMON 0070
__pintentry                intentry     0004
__pmaintext                maintext     05EF
__pstrings                 strings      0586
__ptext1                   text1        05A9
__ptext10                  text10       05CC
__ptext11                  text11       01A7
__ptext12                  text12       001D
__ptext13                  text13       061B
__ptext14                  text14       02A8
__ptext15                  text15       0560
__ptext16                  text16       0497
__ptext17                  text17       0396
__ptext18                  text18       0508
__ptext19                  text19       045D
__ptext2                   text2        024A
__ptext20                  text20       03DA
__ptext3                   text3        0538
__ptext4                   text4        00F8
__ptext5                   text5        041E
__ptext6                   text6        0304
__ptext7                   text7        04D0
__ptext8                   text8        060C
__ptext9                   text9        0350
__size_of___lwdiv          (abs)        0000
__size_of___lwmod          (abs)        0000
__size_of_declarePort      (abs)        0000
__size_of_lcd_busy         (abs)        0000
__size_of_lcd_gotoxy       (abs)        0000
__size_of_lcd_init         (abs)        0000
__size_of_lcd_put_byte     (abs)        0000
__size_of_lcd_put_nibble   (abs)        0000
__size_of_lcd_putc         (abs)        0000
__size_of_lcd_puts         (abs)        0000
__size_of_main             (abs)        0000
__size_of_myIsr            (abs)        0000
__size_of_printf           (abs)        0000
__size_of_putch            (abs)        0000
__size_ofi1_lcd_busy       (abs)        0000
__size_ofi1_lcd_gotoxy     (abs)        0000
__size_ofi1_lcd_init       (abs)        0000
__size_ofi1_lcd_put_byte   (abs)        0000
__size_ofi1_lcd_put_nibble (abs)        0000
__size_ofi1_lcd_putc       (abs)        0000
__size_ofi1_lcd_puts       (abs)        0000
__stringbase               strings      058B
__stringtab                strings      0586
_count                     bssBANK0     003F
_declarePort               text8        060C
_dpowers                   strings      058C
_lcd_busy                  text7        04D0
_lcd_gotoxy                text3        0538
_lcd_init                  text4        00F8
_lcd_put_byte              text5        041E
_lcd_put_nibble            text6        0304
_lcd_putc                  text2        024A
_lcd_puts                  text1        05A9
_main                      maintext     05EF
_myIsr                     text9        0350
_nRBPU                     (abs)        040F
_printf                    text12       001D
_putch                     text13       061B
_your_name                 strings      0596
btemp                      (abs)        007E
end_of_initialization      cinit        0019
i1_lcd_busy                text18       0508
i1_lcd_gotoxy              text15       0560
i1_lcd_init                text11       01A7
i1_lcd_put_byte            text16       0497
i1_lcd_put_nibble          text17       0396
i1_lcd_putc                text14       02A8
i1_lcd_puts                text10       05CC
i1lcd_busy@busy            cstackCOMMON 0071
i1lcd_gotoxy@address       cstackCOMMON 0079
i1lcd_gotoxy@col           cstackCOMMON 0078
i1lcd_gotoxy@row           cstackCOMMON 0076
i1lcd_put_byte@b           cstackCOMMON 0073
i1lcd_put_byte@rs          cstackCOMMON 0075
i1lcd_put_nibble@b         cstackCOMMON 0071
i1lcd_put_nibble@temp      cstackCOMMON 0072
i1lcd_putc@c               cstackCOMMON 007C
i1lcd_puts@s               cstackBANK0  0020
interrupt_function         intentry     0004
intlevel0                  functab      0000
intlevel1                  functab      0000
intlevel2                  functab      0000
intlevel3                  functab      0000
intlevel4                  functab      0000
intlevel5                  functab      0000
lcd_busy@busy              cstackBANK0  0031
lcd_gotoxy@address         cstackBANK0  0039
lcd_gotoxy@col             cstackBANK0  0038
lcd_gotoxy@row             cstackBANK0  0036
lcd_put_byte@b             cstackBANK0  0033
lcd_put_byte@rs            cstackBANK0  0035
lcd_put_nibble@b           cstackBANK0  0031
lcd_put_nibble@temp        cstackBANK0  0032
lcd_putc@c                 cstackBANK0  003C
lcd_puts@s                 cstackBANK0  003E
printf@ap                  cstackBANK0  0025
printf@c                   cstackBANK0  002B
printf@f                   cstackBANK0  0028
printf@flag                cstackBANK0  0026
printf@prec                cstackBANK0  0027
printf@val                 cstackBANK0  0029
putch@c                    cstackCOMMON 007D
reset_vec                  reset_vec    0000
saved_w                    (abs)        007E
start                      init         0012
start_initialization       cinit        0015
wtemp0                     (abs)        007E


MODULE INFORMATION

Module		Function		Class		Link	Load	Size
bai_1.c
		_declarePort   		CODE           	060C	0000	15
		_main          		CODE           	05EF	0000	29
		_myIsr         		CODE           	0350	0000	70

bai_1.c estimated size: 114

C:\Program Files\Microchip\xc8\v2.32\pic\sources\c90\common\lwmod.c
		___lwmod       		CODE           	045D	0000	58

C:\Program Files\Microchip\xc8\v2.32\pic\sources\c90\common\lwmod.c estimated size: 58

shared
		i1_lcd_put_byte		CODE           	0497	0000	57
		__stringtab    		STRING         	0586	0000	6
		i1_lcd_busy    		CODE           	0508	0000	48
		_dpowers       		STRING         	058C	0000	10
		__initialization		CODE           	0015	0000	4
		_your_name     		STRING         	0596	0000	16
		i1_lcd_gotoxy  		CODE           	0560	0000	38
		i1_lcd_putc    		CODE           	02A8	0000	92
		i1_lcd_puts    		CODE           	05CC	0000	35
		i1_lcd_put_nibble		CODE           	0396	0000	68
		i1_lcd_init    		CODE           	01A7	0000	163

shared estimated size: 537

lcd.c
		_lcd_busy      		CODE           	04D0	0000	56
		_lcd_putc      		CODE           	024A	0000	94
		_lcd_puts      		CODE           	05A9	0000	35
		_putch         		CODE           	061B	0000	8
		_lcd_put_byte  		CODE           	041E	0000	63
		_lcd_put_nibble		CODE           	0304	0000	76
		_lcd_gotoxy    		CODE           	0538	0000	40
		_lcd_init      		CODE           	00F8	0000	175

lcd.c estimated size: 547

C:\Program Files\Microchip\xc8\v2.32\pic\sources\c90\common\doprnt.c
		_printf        		CODE           	001D	0000	219

C:\Program Files\Microchip\xc8\v2.32\pic\sources\c90\common\doprnt.c estimated size: 219

C:\Program Files\Microchip\xc8\v2.32\pic\sources\c90\common\lwdiv.c
		___lwdiv       		CODE           	03DA	0000	68

C:\Program Files\Microchip\xc8\v2.32\pic\sources\c90\common\lwdiv.c estimated size: 68

