Microchip MPLAB XC8 Compiler V2.32

Linker command line:

-W-3 --edf=C:\Program Files\Microchip\xc8\v2.32\pic\dat\en_msgs.txt -cn \
  -h+dist/default/production\interrupt_bai3.X.production.sym \
  --cmf=dist/default/production\interrupt_bai3.X.production.cmf -z -Q16F887 \
  -oC:\Users\ssc002\AppData\Local\Temp\xcAs5j0.4 --defsym=__MPLAB_BUILD=1 \
  -Mdist/default/production/interrupt_bai3.X.production.map -E1 \
  -ver=XC8 Compiler --acfsm=1493 -ASTACK=0110h-016Fh -pstack=STACK \
  -ACODE=00h-07FFhx4 -ASTRCODE=00h-01FFFh -ASTRING=00h-0FFhx32 \
  -ACONST=00h-0FFhx32 -AENTRY=00h-0FFhx32 -ACOMMON=070h-07Fh \
  -ABANK0=020h-06Fh -ABANK1=0A0h-0EFh -ABANK2=0110h-016Fh \
  -ABANK3=0190h-01EFh -ARAM=020h-06Fh,0A0h-0EFh,0110h-016Fh,0190h-01EFh \
  -AABS1=020h-07Fh,0A0h-0EFh,0110h-016Fh,0190h-01EFh -ASFR0=00h-01Fh \
  -ASFR1=080h-09Fh -ASFR2=0100h-010Fh -ASFR3=0180h-018Fh \
  -ACONFIG=02007h-02008h -DCONFIG=2 -AIDLOC=02000h-02003h -DIDLOC=2 \
  -AEEDATA=00h-0FFh/02100h -peeprom_data=EEDATA -DEEDATA=2 -DCODE=2 \
  -DSTRCODE=2 -DSTRING=2 -DCONST=2 -DENTRY=2 \
  -preset_vec=00h,intentry=04h,init,end_init -ppowerup=CODE -pcinit=CODE \
  -pfunctab=ENTRY -k C:\Users\ssc002\AppData\Local\Temp\xcAs5j0.o \
  dist/default/production\interrupt_bai3.X.production.o 

Object code version is 3.11

Machine type is 16F887



                Name                               Link     Load   Length Selector   Space Scale
C:\Users\ssc002\AppData\Local\Temp\xcAs5j0.o
                end_init                              C        C        3        8       0
                reset_vec                             0        0        3        0       0
                config                             2007     2007        2        0       4
dist/default/production\interrupt_bai3.X.production.o
                cinit                                 F        F        4        8       0
                intentry                              4        4        8        8       0
                config                             2007     2007        2        0       4
                text11                              3EB      3EB        F      5C8       0
                text10                              163      163       8B        8       0
                text9                               365      365       30      5C8       0
                text8                               2E4      2E4       44      5C8       0
                text7                               328      328       3D      5C8       0
                text6                               24C      24C       4D        8       0
                text5                               3DC      3DC        F      5C8       0
                text4                               3BD      3BD       1F      5C8       0
                text3                                13       13       AD        8       0
                text2                               395      395       28      5C8       0
                text1                               1EE      1EE       5E        8       0
                maintext                             C0       C0       A3        8       0
                cstackBANK0                          20       20       10       20       1
                cstackCOMMON                         70       70        9       70       1
                strings                             299      299       4B      532       0

TOTAL           Name                               Link     Load   Length     Space
        CLASS   STACK          

        CLASS   CODE           
                end_init                              C        C        3         0
                cinit                                 F        F        4         0
                intentry                              4        4        8         0
                reset_vec                             0        0        3         0
                text11                              3EB      3EB        F         0
                text10                              163      163       8B         0
                text9                               365      365       30         0
                text8                               2E4      2E4       44         0
                text7                               328      328       3D         0
                text6                               24C      24C       4D         0
                text5                               3DC      3DC        F         0
                text4                               3BD      3BD       1F         0
                text3                                13       13       AD         0
                text2                               395      395       28         0
                text1                               1EE      1EE       5E         0
                maintext                             C0       C0       A3         0

        CLASS   STRCODE        

        CLASS   STRING         
                strings                             299      299       4B         0

        CLASS   CONST          

        CLASS   ENTRY          

        CLASS   COMMON         
                cstackCOMMON                         70       70        9         1

        CLASS   BANK0          
                cstackBANK0                          20       20       10         1

        CLASS   BANK1          

        CLASS   BANK2          

        CLASS   BANK3          

        CLASS   RAM            

        CLASS   ABS1           
                abs_s1                               7E       7E        2         1

        CLASS   SFR0           

        CLASS   SFR1           

        CLASS   SFR2           

        CLASS   SFR3           

        CLASS   CONFIG         
                config                             2007     2007        2         4

        CLASS   IDLOC          

        CLASS   EEDATA         



SEGMENTS        Name                           Load    Length   Top    Selector   Space  Class     Delta

                reset_vec                      000000  000003  000003         0       0  CODE        2
                intentry                       000004  000295  000299         8       0  CODE        2
                cstackBANK0                    000020  000010  000030        20       1  BANK0       1
                cstackCOMMON                   000070  000009  000079        70       1  COMMON      1
                strings                        000299  00004B  0002E4       532       0  STRING      2
                text8                          0002E4  000116  0003FA       5C8       0  CODE        2


UNUSED ADDRESS RANGES

        Name                Unused          Largest block    Delta
        BANK0            0030-006F             40           1
        BANK1            00A0-00EF             50           1
        BANK2            0110-016F             60           1
        BANK3            0190-01EF             60           1
        CODE             0003-0003              1           2
                         03FA-1FFF            800
        COMMON           0079-007D              5           1
        CONST            0003-0003              1           2
                         03FA-1FFF            100
        EEDATA           2100-21FF            100           2
        ENTRY            0003-0003              1           2
                         03FA-1FFF            100
        IDLOC            2000-2003              4           2
        RAM              0030-006F             40           1
                         00A0-00EF             50
                         0110-016F             60
                         0190-01EF             60
        SFR0             0000-001F             20           1
        SFR1             0080-009F             20           1
        SFR2             0100-010F             10           1
        SFR3             0180-018F             10           1
        STACK            0110-016F             60           1
        STRCODE          0003-0003              1           2
                         03FA-1FFF           1C06
        STRING           0003-0003              1           2
                         03FA-1FFF            100

                                  Symbol Table

?_getLengthArr                  cstackCOMMON 0075
_ANSEL                          (abs)        0188
_ANSELH                         (abs)        0189
_GIE                            (abs)        005F
_INTE                           (abs)        005C
_INTEDG                         (abs)        040E
_INTF                           (abs)        0059
_PORTB                          (abs)        0006
_RD1                            (abs)        0041
_RD2                            (abs)        0042
_RD3                            (abs)        0043
_RD4                            (abs)        0044
_RD5                            (abs)        0045
_RD6                            (abs)        0046
_RD7                            (abs)        0047
_TRISB                          (abs)        0086
_TRISD1                         (abs)        0441
_TRISD2                         (abs)        0442
_TRISD3                         (abs)        0443
_TRISD4                         (abs)        0444
_TRISD5                         (abs)        0445
_TRISD6                         (abs)        0446
_TRISD7                         (abs)        0447
_WPUB                           (abs)        0095
__Habs1                         abs1         0000
__Hbank0                        bank0        0000
__Hbank1                        bank1        0000
__Hbank2                        bank2        0000
__Hbank3                        bank3        0000
__Hcinit                        cinit        0013
__Hclrtext                      clrtext      0000
__Hcode                         code         0000
__Hcommon                       common       0000
__Hconfig                       config       2009
__HcstackBANK0                  cstackBANK0  0000
__HcstackCOMMON                 cstackCOMMON 0000
__Heeprom_data                  eeprom_data  0000
__Hend_init                     end_init     000F
__Hfunctab                      functab      0000
__Hinit                         init         000C
__Hintentry                     intentry     000C
__Hmaintext                     maintext     0000
__Hpowerup                      powerup      0000
__Hram                          ram          0000
__Hreset_vec                    reset_vec    0003
__Hsfr0                         sfr0         0000
__Hsfr1                         sfr1         0000
__Hsfr2                         sfr2         0000
__Hsfr3                         sfr3         0000
__Hspace_0                      (abs)        03FA
__Hspace_1                      (abs)        0079
__Hspace_2                      (abs)        0000
__Hspace_3                      (abs)        0000
__Hspace_4                      (abs)        4010
__Hstack                        stack        0000
__Hstrings                      strings      0000
__Htext                         text         0000
__Labs1                         abs1         0000
__Lbank0                        bank0        0000
__Lbank1                        bank1        0000
__Lbank2                        bank2        0000
__Lbank3                        bank3        0000
__Lcinit                        cinit        000F
__Lclrtext                      clrtext      0000
__Lcode                         code         0000
__Lcommon                       common       0000
__Lconfig                       config       0000
__LcstackBANK0                  cstackBANK0  0000
__LcstackCOMMON                 cstackCOMMON 0000
__Leeprom_data                  eeprom_data  0000
__Lend_init                     end_init     000C
__Lfunctab                      functab      0000
__Linit                         init         000C
__Lintentry                     intentry     0004
__Lmaintext                     maintext     0000
__Lpowerup                      powerup      0000
__Lram                          ram          0000
__Lreset_vec                    reset_vec    0000
__Lsfr0                         sfr0         0000
__Lsfr1                         sfr1         0000
__Lsfr2                         sfr2         0000
__Lsfr3                         sfr3         0000
__Lspace_0                      (abs)        0000
__Lspace_1                      (abs)        0000
__Lspace_2                      (abs)        0000
__Lspace_3                      (abs)        0000
__Lspace_4                      (abs)        0000
__Lstack                        stack        0000
__Lstrings                      strings      0000
__Ltext                         text         0000
__S0                            (abs)        03FA
__S1                            (abs)        0079
__S2                            (abs)        0000
__S3                            (abs)        0000
___int_sp                       stack        0000
___latbits                      (abs)        0002
___sp                           stack        0000
___stackhi                      (abs)        0000
___stacklo                      (abs)        0000
__end_of__initialization        cinit        000F
__end_of__stringtab             strings      029F
__end_of_addCharSpecial         text6        0299
__end_of_declarePort            text5        03EB
__end_of_getLengthArr           text4        03DC
__end_of_lcd_busy               text9        0395
__end_of_lcd_gotoxy             text2        03BD
__end_of_lcd_init               text3        00C0
__end_of_lcd_put_byte           text7        0365
__end_of_lcd_put_nibble         text8        0328
__end_of_lcd_putc               text1        024C
__end_of_main                   maintext     0163
__end_of_myIsr                  text10       01EE
__end_ofi1_declarePort          text11       03FA
__end_ofmain@special_name_title strings      02C8
__end_ofmain@title              strings      02E4
__end_ofmain@your_name          strings      02D8
__initialization                cinit        000F
__pcstackBANK0                  cstackBANK0  0020
__pcstackCOMMON                 cstackCOMMON 0070
__pintentry                     intentry     0004
__pmaintext                     maintext     00C0
__pstrings                      strings      0299
__ptext1                        text1        01EE
__ptext10                       text10       0163
__ptext11                       text11       03EB
__ptext2                        text2        0395
__ptext3                        text3        0013
__ptext4                        text4        03BD
__ptext5                        text5        03DC
__ptext6                        text6        024C
__ptext7                        text7        0328
__ptext8                        text8        02E4
__ptext9                        text9        0365
__size_of_addCharSpecial        (abs)        0000
__size_of_declarePort           (abs)        0000
__size_of_getLengthArr          (abs)        0000
__size_of_lcd_busy              (abs)        0000
__size_of_lcd_gotoxy            (abs)        0000
__size_of_lcd_init              (abs)        0000
__size_of_lcd_put_byte          (abs)        0000
__size_of_lcd_put_nibble        (abs)        0000
__size_of_lcd_putc              (abs)        0000
__size_of_main                  (abs)        0000
__size_of_myIsr                 (abs)        0000
__size_ofi1_declarePort         (abs)        0000
__stringbase                    strings      029E
__stringtab                     strings      0299
_addCharSpecial                 text6        024C
_declarePort                    text5        03DC
_getLengthArr                   text4        03BD
_lcd_busy                       text9        0365
_lcd_gotoxy                     text2        0395
_lcd_init                       text3        0013
_lcd_put_byte                   text7        0328
_lcd_put_nibble                 text8        02E4
_lcd_putc                       text1        01EE
_main                           maintext     00C0
_myIsr                          text10       0163
_nRBPU                          (abs)        040F
addCharSpecial@character        cstackBANK0  0025
addCharSpecial@i                cstackBANK0  0023
btemp                           (abs)        007E
end_of_initialization           cinit        000F
getLengthArr@character          cstackBANK0  0020
getLengthArr@i                  cstackBANK0  0021
i1_declarePort                  text11       03EB
interrupt_function              intentry     0004
intlevel0                       functab      0000
intlevel1                       functab      0000
intlevel2                       functab      0000
intlevel3                       functab      0000
intlevel4                       functab      0000
intlevel5                       functab      0000
lcd_busy@busy                   cstackCOMMON 0076
lcd_gotoxy@address              cstackBANK0  0025
lcd_gotoxy@col                  cstackBANK0  0024
lcd_gotoxy@row                  cstackBANK0  0022
lcd_put_byte@b                  cstackCOMMON 0078
lcd_put_byte@rs                 cstackBANK0  0021
lcd_put_nibble@b                cstackCOMMON 0076
lcd_put_nibble@temp             cstackCOMMON 0077
lcd_putc@c                      cstackBANK0  0028
main@i                          cstackBANK0  002E
main@length                     cstackBANK0  002C
main@special_name_title         strings      029F
main@title                      strings      02D8
main@your_name                  strings      02C8
reset_vec                       reset_vec    0000
saved_w                         (abs)        007E
start                           init         000C
start_initialization            cinit        000F
wtemp0                          (abs)        007E


MODULE INFORMATION

Module		Function		Class		Link	Load	Size
bai_3.c
		_getLengthArr  		CODE           	03BD	0000	31
		_declarePort   		CODE           	03DC	0000	15
		_addCharSpecial		CODE           	024C	0000	77
		_main          		CODE           	00C0	0000	163
		_myIsr         		CODE           	0163	0000	139

bai_3.c estimated size: 425

shared
		__stringtab    		STRING         	0299	0000	6
		main@your_name 		STRING         	02C8	0000	16
		__initialization		CODE           	000F	0000	1
		main@title     		STRING         	02D8	0000	12
		i1_declarePort 		CODE           	03EB	0000	15
		main@special_name_title		STRING         	029F	0000	41

shared estimated size: 91

lcd.c
		_lcd_busy      		CODE           	0365	0000	48
		_lcd_putc      		CODE           	01EE	0000	94
		_lcd_put_byte  		CODE           	0328	0000	61
		_lcd_put_nibble		CODE           	02E4	0000	68
		_lcd_gotoxy    		CODE           	0395	0000	40
		_lcd_init      		CODE           	0013	0000	173

lcd.c estimated size: 484

