Microchip MPLAB XC8 Compiler V2.32

Linker command line:

-W-3 --edf=C:\Program Files\Microchip\xc8\v2.32\pic\dat\en_msgs.txt -cn \
  -h+dist/default/production\interrupt_bai2.X.production.sym \
  --cmf=dist/default/production\interrupt_bai2.X.production.cmf -z -Q16F887 \
  -oC:\Users\ssc002\AppData\Local\Temp\xcAs714.5 --defsym=__MPLAB_BUILD=1 \
  -Mdist/default/production/interrupt_bai2.X.production.map -E1 \
  -ver=XC8 Compiler --acfsm=1493 -ASTACK=0110h-016Fh -pstack=STACK \
  -ACODE=00h-07FFhx4 -ASTRCODE=00h-01FFFh -ASTRING=00h-0FFhx32 \
  -ACONST=00h-0FFhx32 -AENTRY=00h-0FFhx32 -ACOMMON=070h-07Fh \
  -ABANK0=020h-06Fh -ABANK1=0A0h-0EFh -ABANK2=0110h-016Fh \
  -ABANK3=0190h-01EFh -ARAM=020h-06Fh,0A0h-0EFh,0110h-016Fh,0190h-01EFh \
  -AABS1=020h-07Fh,0A0h-0EFh,0110h-016Fh,0190h-01EFh -ASFR0=00h-01Fh \
  -ASFR1=080h-09Fh -ASFR2=0100h-010Fh -ASFR3=0180h-018Fh \
  -ACONFIG=02007h-02008h -DCONFIG=2 -AIDLOC=02000h-02003h -DIDLOC=2 \
  -AEEDATA=00h-0FFh/02100h -peeprom_data=EEDATA -DEEDATA=2 -DCODE=2 \
  -DSTRCODE=2 -DSTRING=2 -DCONST=2 -DENTRY=2 \
  -preset_vec=00h,intentry=04h,init,end_init -ppowerup=CODE -pcinit=CODE \
  -pfunctab=ENTRY -k C:\Users\ssc002\AppData\Local\Temp\xcAs714.o \
  dist/default/production\interrupt_bai2.X.production.o 

Object code version is 3.11

Machine type is 16F887



                Name                               Link     Load   Length Selector   Space Scale
C:\Users\ssc002\AppData\Local\Temp\xcAs714.o
                end_init                             12       12        3        8       0
                reset_vec                             0        0        3        0       0
                config                             2007     2007        2        0       4
dist/default/production\interrupt_bai2.X.production.o
                cinit                                15       15        C        8       0
                intentry                              4        4        E        8       0
                config                             2007     2007        2        0       4
                text20                              438      438       44        8       0
                text19                              4BB      4BB       3A        8       0
                text18                              597      597       30      B2E       0
                text17                              3F4      3F4       44        8       0
                text16                              4F5      4F5       39        8       0
                text15                              5EF      5EF       26      B2E       0
                text14                              34C      34C       5C        8       0
                text13                              688      688        8      B2E       0
                text12                               21       21       DB        8       0
                text11                              1AB      1AB       A3        8       0
                text10                              638      638       23      B2E       0
                text9                               24E      24E       A0        8       0
                text8                               678      678       10      B2E       0
                text7                               52E      52E       38        8       0
                text6                               3A8      3A8       4C        8       0
                text5                               47C      47C       3F        8       0
                text4                                FC       FC       AF        8       0
                text3                               5C7      5C7       28      B2E       0
                text2                               2EE      2EE       5E        8       0
                text1                               615      615       23      B2E       0
                maintext                            65B      65B       1D      B2E       0
                cstackBANK0                          20       20       1F       20       1
                cstackCOMMON                         70       70        E       70       1
                bssBANK0                             3F       3F        6       20       1
                strings                             566      566       31      ACC       0

TOTAL           Name                               Link     Load   Length     Space
        CLASS   STACK          

        CLASS   CODE           
                end_init                             12       12        3         0
                cinit                                15       15        C         0
                intentry                              4        4        E         0
                reset_vec                             0        0        3         0
                text20                              438      438       44         0
                text19                              4BB      4BB       3A         0
                text18                              597      597       30         0
                text17                              3F4      3F4       44         0
                text16                              4F5      4F5       39         0
                text15                              5EF      5EF       26         0
                text14                              34C      34C       5C         0
                text13                              688      688        8         0
                text12                               21       21       DB         0
                text11                              1AB      1AB       A3         0
                text10                              638      638       23         0
                text9                               24E      24E       A0         0
                text8                               678      678       10         0
                text7                               52E      52E       38         0
                text6                               3A8      3A8       4C         0
                text5                               47C      47C       3F         0
                text4                                FC       FC       AF         0
                text3                               5C7      5C7       28         0
                text2                               2EE      2EE       5E         0
                text1                               615      615       23         0
                maintext                            65B      65B       1D         0

        CLASS   STRCODE        

        CLASS   STRING         
                strings                             566      566       31         0

        CLASS   CONST          

        CLASS   ENTRY          

        CLASS   COMMON         
                cstackCOMMON                         70       70        E         1

        CLASS   BANK0          
                cstackBANK0                          20       20       1F         1
                bssBANK0                             3F       3F        6         1

        CLASS   BANK1          

        CLASS   BANK2          

        CLASS   BANK3          

        CLASS   RAM            

        CLASS   ABS1           
                abs_s1                               7E       7E        2         1

        CLASS   SFR0           

        CLASS   SFR1           

        CLASS   SFR2           

        CLASS   SFR3           

        CLASS   CONFIG         
                config                             2007     2007        2         4

        CLASS   IDLOC          

        CLASS   EEDATA         



SEGMENTS        Name                           Load    Length   Top    Selector   Space  Class     Delta

                reset_vec                      000000  000003  000003         0       0  CODE        2
                intentry                       000004  000562  000566         8       0  CODE        2
                cstackBANK0                    000020  000025  000045        20       1  BANK0       1
                cstackCOMMON                   000070  00000E  00007E        70       1  COMMON      1
                strings                        000566  000031  000597       ACC       0  STRING      2
                text18                         000597  0000F9  000690       B2E       0  CODE        2


UNUSED ADDRESS RANGES

        Name                Unused          Largest block    Delta
        BANK0            0045-006F             2B           1
        BANK1            00A0-00EF             50           1
        BANK2            0110-016F             60           1
        BANK3            0190-01EF             60           1
        CODE             0003-0003              1           2
                         0690-1FFF            800
        CONST            0003-0003              1           2
                         0690-1FFF            100
        EEDATA           2100-21FF            100           2
        ENTRY            0003-0003              1           2
                         0690-1FFF            100
        IDLOC            2000-2003              4           2
        RAM              0045-006F             2B           1
                         00A0-00EF             50
                         0110-016F             60
                         0190-01EF             60
        SFR0             0000-001F             20           1
        SFR1             0080-009F             20           1
        SFR2             0100-010F             10           1
        SFR3             0180-018F             10           1
        STACK            0110-016F             60           1
        STRCODE          0003-0003              1           2
                         0690-1FFF           1970
        STRING           0003-0003              1           2
                         0690-1FFF            100

                                  Symbol Table

?___lwdiv                  cstackCOMMON 0070
?___lwmod                  cstackCOMMON 0078
?_printf                   cstackBANK0  0020
_ANSEL                     (abs)        0188
_ANSELH                    (abs)        0189
_GIE                       (abs)        005F
_IOCB                      (abs)        0096
_RB0                       (abs)        0030
_RB1                       (abs)        0031
_RB2                       (abs)        0032
_RBIE                      (abs)        005B
_RBIF                      (abs)        0058
_RD1                       (abs)        0041
_RD2                       (abs)        0042
_RD3                       (abs)        0043
_RD4                       (abs)        0044
_RD5                       (abs)        0045
_RD6                       (abs)        0046
_RD7                       (abs)        0047
_TRISB                     (abs)        0086
_TRISD1                    (abs)        0441
_TRISD2                    (abs)        0442
_TRISD3                    (abs)        0443
_TRISD4                    (abs)        0444
_TRISD5                    (abs)        0445
_TRISD6                    (abs)        0446
_TRISD7                    (abs)        0447
_WPUB                      (abs)        0095
__Habs1                    abs1         0000
__Hbank0                   bank0        0000
__Hbank1                   bank1        0000
__Hbank2                   bank2        0000
__Hbank3                   bank3        0000
__HbssBANK0                bssBANK0     0000
__Hcinit                   cinit        0021
__Hclrtext                 clrtext      0000
__Hcode                    code         0000
__Hcommon                  common       0000
__Hconfig                  config       2009
__HcstackBANK0             cstackBANK0  0000
__HcstackCOMMON            cstackCOMMON 0000
__Heeprom_data             eeprom_data  0000
__Hend_init                end_init     0015
__Hfunctab                 functab      0000
__Hinit                    init         0012
__Hintentry                intentry     0012
__Hmaintext                maintext     0000
__Hpowerup                 powerup      0000
__Hram                     ram          0000
__Hreset_vec               reset_vec    0003
__Hsfr0                    sfr0         0000
__Hsfr1                    sfr1         0000
__Hsfr2                    sfr2         0000
__Hsfr3                    sfr3         0000
__Hspace_0                 (abs)        0690
__Hspace_1                 (abs)        007E
__Hspace_2                 (abs)        0000
__Hspace_3                 (abs)        0000
__Hspace_4                 (abs)        4010
__Hstack                   stack        0000
__Hstrings                 strings      0000
__Htext                    text         0000
__Labs1                    abs1         0000
__Lbank0                   bank0        0000
__Lbank1                   bank1        0000
__Lbank2                   bank2        0000
__Lbank3                   bank3        0000
__LbssBANK0                bssBANK0     0000
__Lcinit                   cinit        0015
__Lclrtext                 clrtext      0000
__Lcode                    code         0000
__Lcommon                  common       0000
__Lconfig                  config       0000
__LcstackBANK0             cstackBANK0  0000
__LcstackCOMMON            cstackCOMMON 0000
__Leeprom_data             eeprom_data  0000
__Lend_init                end_init     0012
__Lfunctab                 functab      0000
__Linit                    init         0012
__Lintentry                intentry     0004
__Lmaintext                maintext     0000
__Lpowerup                 powerup      0000
__Lram                     ram          0000
__Lreset_vec               reset_vec    0000
__Lsfr0                    sfr0         0000
__Lsfr1                    sfr1         0000
__Lsfr2                    sfr2         0000
__Lsfr3                    sfr3         0000
__Lspace_0                 (abs)        0000
__Lspace_1                 (abs)        0000
__Lspace_2                 (abs)        0000
__Lspace_3                 (abs)        0000
__Lspace_4                 (abs)        0000
__Lstack                   stack        0000
__Lstrings                 strings      0000
__Ltext                    text         0000
__S0                       (abs)        0690
__S1                       (abs)        007E
__S2                       (abs)        0000
__S3                       (abs)        0000
___int_sp                  stack        0000
___latbits                 (abs)        0002
___lwdiv                   text20       0438
___lwdiv@counter           cstackCOMMON 0077
___lwdiv@dividend          cstackCOMMON 0072
___lwdiv@divisor           cstackCOMMON 0070
___lwdiv@quotient          cstackCOMMON 0075
___lwmod                   text19       04BB
___lwmod@counter           cstackCOMMON 007D
___lwmod@dividend          cstackCOMMON 007A
___lwmod@divisor           cstackCOMMON 0078
___sp                      stack        0000
___stackhi                 (abs)        0000
___stacklo                 (abs)        0000
__end_of___lwdiv           text20       047C
__end_of___lwmod           text19       04F5
__end_of__initialization   cinit        001D
__end_of__stringtab        strings      056C
__end_of_declarePort       text8        0688
__end_of_dpowers           strings      0576
__end_of_lcd_busy          text7        0566
__end_of_lcd_gotoxy        text3        05EF
__end_of_lcd_init          text4        01AB
__end_of_lcd_put_byte      text5        04BB
__end_of_lcd_put_nibble    text6        03F4
__end_of_lcd_putc          text2        034C
__end_of_lcd_puts          text1        0638
__end_of_main              maintext     0678
__end_of_myIsr             text9        02EE
__end_of_printf            text12       00FC
__end_of_putch             text13       0690
__end_of_your_name         strings      0594
__end_ofi1_lcd_busy        text18       05C7
__end_ofi1_lcd_gotoxy      text15       0615
__end_ofi1_lcd_init        text11       024E
__end_ofi1_lcd_put_byte    text16       052E
__end_ofi1_lcd_put_nibble  text17       0438
__end_ofi1_lcd_putc        text14       03A8
__end_ofi1_lcd_puts        text10       065B
__end_ofmyIsr@your_name    strings      0585
__initialization           cinit        0015
__pbssBANK0                bssBANK0     003F
__pcstackBANK0             cstackBANK0  0020
__pcstackCOMMON            cstackCOMMON 0070
__pintentry                intentry     0004
__pmaintext                maintext     065B
__pstrings                 strings      0566
__ptext1                   text1        0615
__ptext10                  text10       0638
__ptext11                  text11       01AB
__ptext12                  text12       0021
__ptext13                  text13       0688
__ptext14                  text14       034C
__ptext15                  text15       05EF
__ptext16                  text16       04F5
__ptext17                  text17       03F4
__ptext18                  text18       0597
__ptext19                  text19       04BB
__ptext2                   text2        02EE
__ptext20                  text20       0438
__ptext3                   text3        05C7
__ptext4                   text4        00FC
__ptext5                   text5        047C
__ptext6                   text6        03A8
__ptext7                   text7        052E
__ptext8                   text8        0678
__ptext9                   text9        024E
__size_of___lwdiv          (abs)        0000
__size_of___lwmod          (abs)        0000
__size_of_declarePort      (abs)        0000
__size_of_lcd_busy         (abs)        0000
__size_of_lcd_gotoxy       (abs)        0000
__size_of_lcd_init         (abs)        0000
__size_of_lcd_put_byte     (abs)        0000
__size_of_lcd_put_nibble   (abs)        0000
__size_of_lcd_putc         (abs)        0000
__size_of_lcd_puts         (abs)        0000
__size_of_main             (abs)        0000
__size_of_myIsr            (abs)        0000
__size_of_printf           (abs)        0000
__size_of_putch            (abs)        0000
__size_ofi1_lcd_busy       (abs)        0000
__size_ofi1_lcd_gotoxy     (abs)        0000
__size_ofi1_lcd_init       (abs)        0000
__size_ofi1_lcd_put_byte   (abs)        0000
__size_ofi1_lcd_put_nibble (abs)        0000
__size_ofi1_lcd_putc       (abs)        0000
__size_ofi1_lcd_puts       (abs)        0000
__stringbase               strings      056B
__stringtab                strings      0566
_count_1                   bssBANK0     0043
_count_2                   bssBANK0     0041
_count_3                   bssBANK0     003F
_declarePort               text8        0678
_dpowers                   strings      056C
_lcd_busy                  text7        052E
_lcd_gotoxy                text3        05C7
_lcd_init                  text4        00FC
_lcd_put_byte              text5        047C
_lcd_put_nibble            text6        03A8
_lcd_putc                  text2        02EE
_lcd_puts                  text1        0615
_main                      maintext     065B
_myIsr                     text9        024E
_nRBPU                     (abs)        040F
_printf                    text12       0021
_putch                     text13       0688
_your_name                 strings      0585
btemp                      (abs)        007E
end_of_initialization      cinit        001D
i1_lcd_busy                text18       0597
i1_lcd_gotoxy              text15       05EF
i1_lcd_init                text11       01AB
i1_lcd_put_byte            text16       04F5
i1_lcd_put_nibble          text17       03F4
i1_lcd_putc                text14       034C
i1_lcd_puts                text10       0638
i1lcd_busy@busy            cstackCOMMON 0071
i1lcd_gotoxy@address       cstackCOMMON 0079
i1lcd_gotoxy@col           cstackCOMMON 0078
i1lcd_gotoxy@row           cstackCOMMON 0076
i1lcd_put_byte@b           cstackCOMMON 0073
i1lcd_put_byte@rs          cstackCOMMON 0075
i1lcd_put_nibble@b         cstackCOMMON 0071
i1lcd_put_nibble@temp      cstackCOMMON 0072
i1lcd_putc@c               cstackCOMMON 007C
i1lcd_puts@s               cstackBANK0  0020
interrupt_function         intentry     0004
intlevel0                  functab      0000
intlevel1                  functab      0000
intlevel2                  functab      0000
intlevel3                  functab      0000
intlevel4                  functab      0000
intlevel5                  functab      0000
lcd_busy@busy              cstackBANK0  0031
lcd_gotoxy@address         cstackBANK0  0039
lcd_gotoxy@col             cstackBANK0  0038
lcd_gotoxy@row             cstackBANK0  0036
lcd_put_byte@b             cstackBANK0  0033
lcd_put_byte@rs            cstackBANK0  0035
lcd_put_nibble@b           cstackBANK0  0031
lcd_put_nibble@temp        cstackBANK0  0032
lcd_putc@c                 cstackBANK0  003C
lcd_puts@s                 cstackBANK0  003E
myIsr@your_name            strings      0576
printf@ap                  cstackBANK0  0025
printf@c                   cstackBANK0  002B
printf@f                   cstackBANK0  0028
printf@flag                cstackBANK0  0026
printf@prec                cstackBANK0  0027
printf@val                 cstackBANK0  0029
putch@c                    cstackCOMMON 007D
reset_vec                  reset_vec    0000
saved_w                    (abs)        007E
start                      init         0012
start_initialization       cinit        0015
wtemp0                     (abs)        007E


MODULE INFORMATION

Module		Function		Class		Link	Load	Size
C:\Program Files\Microchip\xc8\v2.32\pic\sources\c90\common\lwmod.c
		___lwmod       		CODE           	04BB	0000	58

C:\Program Files\Microchip\xc8\v2.32\pic\sources\c90\common\lwmod.c estimated size: 58

shared
		myIsr@your_name		STRING         	0576	0000	15
		i1_lcd_put_byte		CODE           	04F5	0000	57
		__stringtab    		STRING         	0566	0000	6
		i1_lcd_busy    		CODE           	0597	0000	48
		_dpowers       		STRING         	056C	0000	10
		__initialization		CODE           	0015	0000	8
		_your_name     		STRING         	0585	0000	15
		i1_lcd_gotoxy  		CODE           	05EF	0000	38
		i1_lcd_putc    		CODE           	034C	0000	92
		i1_lcd_puts    		CODE           	0638	0000	35
		i1_lcd_put_nibble		CODE           	03F4	0000	68
		i1_lcd_init    		CODE           	01AB	0000	163

shared estimated size: 555

bai_2.c
		_declarePort   		CODE           	0678	0000	16
		_main          		CODE           	065B	0000	29
		_myIsr         		CODE           	024E	0000	160

bai_2.c estimated size: 205

lcd.c
		_lcd_busy      		CODE           	052E	0000	56
		_lcd_putc      		CODE           	02EE	0000	94
		_lcd_puts      		CODE           	0615	0000	35
		_putch         		CODE           	0688	0000	8
		_lcd_put_byte  		CODE           	047C	0000	63
		_lcd_put_nibble		CODE           	03A8	0000	76
		_lcd_gotoxy    		CODE           	05C7	0000	40
		_lcd_init      		CODE           	00FC	0000	175

lcd.c estimated size: 547

C:\Program Files\Microchip\xc8\v2.32\pic\sources\c90\common\doprnt.c
		_printf        		CODE           	0021	0000	219

C:\Program Files\Microchip\xc8\v2.32\pic\sources\c90\common\doprnt.c estimated size: 219

C:\Program Files\Microchip\xc8\v2.32\pic\sources\c90\common\lwdiv.c
		___lwdiv       		CODE           	0438	0000	68

C:\Program Files\Microchip\xc8\v2.32\pic\sources\c90\common\lwdiv.c estimated size: 68

